<html>
<body>
<pre>
<h1>礦ision Build Log</h1>
<h2>Project:</h2>
H:\资料2\MODBUS\FREEMODBUS\STM32_MODBUS\Project.uvproj
Project File Date:  07/03/2011

<h2>Output:</h2>
Build target 'STM3210E'
assembling startup_stm32f10x_hd.s...
compiling system_stm32f10x.c...
compiling core_cm3.c...
compiling misc.c...
compiling stm32f10x_gpio.c...
compiling stm32f10x_rcc.c...
compiling stm32f10x_usart.c...
compiling stm32f10x_tim.c...
compiling mbascii.c...
compiling mbfunccoils.c...
compiling mbfuncdiag.c...
compiling mbfuncdisc.c...
compiling mbfuncholding.c...
compiling mbfuncinput.c...
compiling mbfuncother.c...
compiling mbutils.c...
compiling mbcrc.c...
compiling mbrtu.c...
scr\modbus\rtu\mbrtu.c(153): warning:  #550-D: variable "xFrameReceived" was set but never used
compiling mbtcp.c...
compiling mb.c...
compiling portevent.c...
compiling portserial.c...
compiling porttimer.c...
compiling stm32f10x_it.c...
compiling main.c...
compiling modbusCB.c...
linking...
Program Size: Code=5224 RO-data=848 RW-data=236 ZI-data=1316  
".\obj\STM3210E-EVAL.axf" - 0 Error(s), 1 Warning(s).
Build target 'STM3210E'
compiling mb.c...
linking...
Program Size: Code=5124 RO-data=848 RW-data=232 ZI-data=1312  
".\obj\STM3210E-EVAL.axf" - 0 Error(s), 0 Warning(s).
Load "H:\\资料2\\MODBUS\\FREEMODBUS\\STM32_MODBUS\\obj\\STM3210E-EVAL.AXF" 
Set JLink Project File to "H:\资料2\MODBUS\FREEMODBUS\STM32_MODBUS\JLinkSettings.ini"
 
JLink info:
------------
DLL: V4.24b, compiled Feb 22 2011 20:47:17
Firmware: J-Link ARM V8 compiled Jan 31 2011 18:34:52
Hardware: V8.00
S/N : 19890628 
Feature(s) : RDI,FlashDL,FlashBP,JFlash,GDBFull 
 
* JLink Info: TotalIRLen = 9, IRPrint = 0x0011
* JLink Info: Found Cortex-M3 r1p1, Little endian.
* JLink Info: TPIU fitted.
* JLink Info: ETM fitted.
* JLink Info:   FPUnit: 6 code (BP) slots and 2 literal slots
ROMTableAddr = 0xE00FF003
* JLink Info: TotalIRLen = 9, IRPrint = 0x0011
* JLink Info: Found Cortex-M3 r1p1, Little endian.
* JLink Info: TPIU fitted.
* JLink Info: ETM fitted.
* JLink Info:   FPUnit: 6 code (BP) slots and 2 literal slots
* JLink Info: TotalIRLen = 9, IRPrint = 0x0011
* JLink Info: Found Cortex-M3 r1p1, Little endian.
* JLink Info: TPIU fitted.
* JLink Info: ETM fitted.
* JLink Info:   FPUnit: 6 code (BP) slots and 2 literal slots
 
Target info:
------------
Device: STM32F103ZE
VTarget = 3.358V
State of Pins: 
TCK: 1, TDI: 0, TDO: 0, TMS: 0, TRES: 1, TRST: 1
Hardware-Breakpoints: 6
Software-Breakpoints: 2048
Watchpoints:          4
JTAG speed: 9600 kHz
 
Erase Done.
Programming Done.
Verify OK.
* JLink Info: TotalIRLen = 9, IRPrint = 0x0011
* JLink Info: Found Cortex-M3 r1p1, Little endian.
* JLink Info: TPIU fitted.
* JLink Info: ETM fitted.
* JLink Info:   FPUnit: 6 code (BP) slots and 2 literal slots
Application running ...
Clean started: Project: 'Project'
   deleting intermediate output files for target 'STM3210E'
