ARM Linker, RVCT4.0 [Build 524] for uVision [Standard]

==============================================================================

Section Cross References

    startup_stm32f10x_hd.o(RESET) refers to startup_stm32f10x_hd.o(STACK) for __initial_sp
    startup_stm32f10x_hd.o(RESET) refers to startup_stm32f10x_hd.o(.text) for Reset_Handler
    startup_stm32f10x_hd.o(RESET) refers to stm32f10x_it.o(i.NMI_Handler) for NMI_Handler
    startup_stm32f10x_hd.o(RESET) refers to stm32f10x_it.o(i.HardFault_Handler) for HardFault_Handler
    startup_stm32f10x_hd.o(RESET) refers to stm32f10x_it.o(i.MemManage_Handler) for MemManage_Handler
    startup_stm32f10x_hd.o(RESET) refers to stm32f10x_it.o(i.BusFault_Handler) for BusFault_Handler
    startup_stm32f10x_hd.o(RESET) refers to stm32f10x_it.o(i.UsageFault_Handler) for UsageFault_Handler
    startup_stm32f10x_hd.o(RESET) refers to stm32f10x_it.o(i.SVC_Handler) for SVC_Handler
    startup_stm32f10x_hd.o(RESET) refers to stm32f10x_it.o(i.DebugMon_Handler) for DebugMon_Handler
    startup_stm32f10x_hd.o(RESET) refers to stm32f10x_it.o(i.PendSV_Handler) for PendSV_Handler
    startup_stm32f10x_hd.o(RESET) refers to stm32f10x_it.o(i.SysTick_Handler) for SysTick_Handler
    startup_stm32f10x_hd.o(RESET) refers to stm32f10x_it.o(i.TIM2_IRQHandler) for TIM2_IRQHandler
    startup_stm32f10x_hd.o(RESET) refers to stm32f10x_it.o(i.USART1_IRQHandler) for USART1_IRQHandler
    startup_stm32f10x_hd.o(.text) refers to system_stm32f10x.o(i.SystemInit) for SystemInit
    startup_stm32f10x_hd.o(.text) refers to entry.o(.ARM.Collect$$$$00000000) for __main
    system_stm32f10x.o(i.SystemCoreClockUpdate) refers to system_stm32f10x.o(.data) for .data
    system_stm32f10x.o(i.SystemInit) refers to system_stm32f10x.o(i.SetSysClockTo72) for SetSysClockTo72
    stm32f10x_gpio.o(i.GPIO_AFIODeInit) refers to stm32f10x_rcc.o(i.RCC_APB2PeriphResetCmd) for RCC_APB2PeriphResetCmd
    stm32f10x_gpio.o(i.GPIO_DeInit) refers to stm32f10x_rcc.o(i.RCC_APB2PeriphResetCmd) for RCC_APB2PeriphResetCmd
    stm32f10x_rcc.o(i.RCC_GetClocksFreq) refers to stm32f10x_rcc.o(.data) for .data
    stm32f10x_rcc.o(i.RCC_WaitForHSEStartUp) refers to stm32f10x_rcc.o(i.RCC_GetFlagStatus) for RCC_GetFlagStatus
    stm32f10x_usart.o(i.USART_DeInit) refers to stm32f10x_rcc.o(i.RCC_APB2PeriphResetCmd) for RCC_APB2PeriphResetCmd
    stm32f10x_usart.o(i.USART_DeInit) refers to stm32f10x_rcc.o(i.RCC_APB1PeriphResetCmd) for RCC_APB1PeriphResetCmd
    stm32f10x_usart.o(i.USART_Init) refers to stm32f10x_rcc.o(i.RCC_GetClocksFreq) for RCC_GetClocksFreq
    stm32f10x_tim.o(i.TIM_DeInit) refers to stm32f10x_rcc.o(i.RCC_APB1PeriphResetCmd) for RCC_APB1PeriphResetCmd
    stm32f10x_tim.o(i.TIM_DeInit) refers to stm32f10x_rcc.o(i.RCC_APB2PeriphResetCmd) for RCC_APB2PeriphResetCmd
    stm32f10x_tim.o(i.TIM_ETRClockMode1Config) refers to stm32f10x_tim.o(i.TIM_ETRConfig) for TIM_ETRConfig
    stm32f10x_tim.o(i.TIM_ETRClockMode2Config) refers to stm32f10x_tim.o(i.TIM_ETRConfig) for TIM_ETRConfig
    stm32f10x_tim.o(i.TIM_ICInit) refers to stm32f10x_tim.o(i.TI1_Config) for TI1_Config
    stm32f10x_tim.o(i.TIM_ICInit) refers to stm32f10x_tim.o(i.TIM_SetIC1Prescaler) for TIM_SetIC1Prescaler
    stm32f10x_tim.o(i.TIM_ICInit) refers to stm32f10x_tim.o(i.TI2_Config) for TI2_Config
    stm32f10x_tim.o(i.TIM_ICInit) refers to stm32f10x_tim.o(i.TIM_SetIC2Prescaler) for TIM_SetIC2Prescaler
    stm32f10x_tim.o(i.TIM_ICInit) refers to stm32f10x_tim.o(i.TIM_SetIC3Prescaler) for TIM_SetIC3Prescaler
    stm32f10x_tim.o(i.TIM_ICInit) refers to stm32f10x_tim.o(i.TIM_SetIC4Prescaler) for TIM_SetIC4Prescaler
    stm32f10x_tim.o(i.TIM_PWMIConfig) refers to stm32f10x_tim.o(i.TI1_Config) for TI1_Config
    stm32f10x_tim.o(i.TIM_PWMIConfig) refers to stm32f10x_tim.o(i.TIM_SetIC1Prescaler) for TIM_SetIC1Prescaler
    stm32f10x_tim.o(i.TIM_PWMIConfig) refers to stm32f10x_tim.o(i.TI2_Config) for TI2_Config
    stm32f10x_tim.o(i.TIM_PWMIConfig) refers to stm32f10x_tim.o(i.TIM_SetIC2Prescaler) for TIM_SetIC2Prescaler
    stm32f10x_tim.o(i.TIM_TIxExternalClockConfig) refers to stm32f10x_tim.o(i.TI2_Config) for TI2_Config
    stm32f10x_tim.o(i.TIM_TIxExternalClockConfig) refers to stm32f10x_tim.o(i.TI1_Config) for TI1_Config
    mbascii.o(i.eMBASCIIInit) refers to portserial.o(i.EnterCriticalSection) for EnterCriticalSection
    mbascii.o(i.eMBASCIIInit) refers to portserial.o(i.xMBPortSerialInit) for xMBPortSerialInit
    mbascii.o(i.eMBASCIIInit) refers to porttimer.o(i.xMBPortTimersInit) for xMBPortTimersInit
    mbascii.o(i.eMBASCIIInit) refers to portserial.o(i.ExitCriticalSection) for ExitCriticalSection
    mbascii.o(i.eMBASCIIInit) refers to mbascii.o(.data) for .data
    mbascii.o(i.eMBASCIIReceive) refers to portserial.o(i.EnterCriticalSection) for EnterCriticalSection
    mbascii.o(i.eMBASCIIReceive) refers to mbascii.o(i.prvucMBLRC) for prvucMBLRC
    mbascii.o(i.eMBASCIIReceive) refers to portserial.o(i.ExitCriticalSection) for ExitCriticalSection
    mbascii.o(i.eMBASCIIReceive) refers to mbascii.o(.data) for .data
    mbascii.o(i.eMBASCIISend) refers to portserial.o(i.EnterCriticalSection) for EnterCriticalSection
    mbascii.o(i.eMBASCIISend) refers to mbascii.o(i.prvucMBLRC) for prvucMBLRC
    mbascii.o(i.eMBASCIISend) refers to portserial.o(i.vMBPortSerialEnable) for vMBPortSerialEnable
    mbascii.o(i.eMBASCIISend) refers to portserial.o(i.ExitCriticalSection) for ExitCriticalSection
    mbascii.o(i.eMBASCIISend) refers to mbascii.o(.data) for .data
    mbascii.o(i.eMBASCIIStart) refers to portserial.o(i.EnterCriticalSection) for EnterCriticalSection
    mbascii.o(i.eMBASCIIStart) refers to portserial.o(i.vMBPortSerialEnable) for vMBPortSerialEnable
    mbascii.o(i.eMBASCIIStart) refers to portserial.o(i.ExitCriticalSection) for ExitCriticalSection
    mbascii.o(i.eMBASCIIStart) refers to portevent.o(i.xMBPortEventPost) for xMBPortEventPost
    mbascii.o(i.eMBASCIIStart) refers to mbascii.o(.data) for .data
    mbascii.o(i.eMBASCIIStop) refers to portserial.o(i.EnterCriticalSection) for EnterCriticalSection
    mbascii.o(i.eMBASCIIStop) refers to portserial.o(i.vMBPortSerialEnable) for vMBPortSerialEnable
    mbascii.o(i.eMBASCIIStop) refers to porttimer.o(i.vMBPortTimersDisable) for vMBPortTimersDisable
    mbascii.o(i.eMBASCIIStop) refers to portserial.o(i.ExitCriticalSection) for ExitCriticalSection
    mbascii.o(i.xMBASCIIReceiveFSM) refers to portserial.o(i.xMBPortSerialGetByte) for xMBPortSerialGetByte
    mbascii.o(i.xMBASCIIReceiveFSM) refers to porttimer.o(i.vMBPortTimersDisable) for vMBPortTimersDisable
    mbascii.o(i.xMBASCIIReceiveFSM) refers to portevent.o(i.xMBPortEventPost) for xMBPortEventPost
    mbascii.o(i.xMBASCIIReceiveFSM) refers to porttimer.o(i.vMBPortTimersEnable) for vMBPortTimersEnable
    mbascii.o(i.xMBASCIIReceiveFSM) refers to mbascii.o(.data) for .data
    mbascii.o(i.xMBASCIITimerT1SExpired) refers to porttimer.o(i.vMBPortTimersDisable) for vMBPortTimersDisable
    mbascii.o(i.xMBASCIITimerT1SExpired) refers to mbascii.o(.data) for .data
    mbascii.o(i.xMBASCIITransmitFSM) refers to portserial.o(i.xMBPortSerialPutByte) for xMBPortSerialPutByte
    mbascii.o(i.xMBASCIITransmitFSM) refers to mbascii.o(i.prvucMBBIN2CHAR) for prvucMBBIN2CHAR
    mbascii.o(i.xMBASCIITransmitFSM) refers to portevent.o(i.xMBPortEventPost) for xMBPortEventPost
    mbascii.o(i.xMBASCIITransmitFSM) refers to portserial.o(i.vMBPortSerialEnable) for vMBPortSerialEnable
    mbascii.o(i.xMBASCIITransmitFSM) refers to mbascii.o(.data) for .data
    mbascii.o(.data) refers to mbrtu.o(.bss) for ucRTUBuf
    mbfunccoils.o(i.eMBFuncReadCoils) refers to modbuscb.o(i.eMBRegCoilsCB) for eMBRegCoilsCB
    mbfunccoils.o(i.eMBFuncReadCoils) refers to mbutils.o(i.prveMBError2Exception) for prveMBError2Exception
    mbfunccoils.o(i.eMBFuncWriteCoil) refers to modbuscb.o(i.eMBRegCoilsCB) for eMBRegCoilsCB
    mbfunccoils.o(i.eMBFuncWriteCoil) refers to mbutils.o(i.prveMBError2Exception) for prveMBError2Exception
    mbfunccoils.o(i.eMBFuncWriteMultipleCoils) refers to modbuscb.o(i.eMBRegCoilsCB) for eMBRegCoilsCB
    mbfunccoils.o(i.eMBFuncWriteMultipleCoils) refers to mbutils.o(i.prveMBError2Exception) for prveMBError2Exception
    mbfuncdisc.o(i.eMBFuncReadDiscreteInputs) refers to modbuscb.o(i.eMBRegDiscreteCB) for eMBRegDiscreteCB
    mbfuncdisc.o(i.eMBFuncReadDiscreteInputs) refers to mbutils.o(i.prveMBError2Exception) for prveMBError2Exception
    mbfuncholding.o(i.eMBFuncChargeAnalogSetup) refers to modbuscb.o(i.eMBRegHoldingCB) for eMBRegHoldingCB
    mbfuncholding.o(i.eMBFuncChargeAnalogSetup) refers to mbutils.o(i.prveMBError2Exception) for prveMBError2Exception
    mbfuncholding.o(i.eMBFuncReadHoldingRegister) refers to modbuscb.o(i.eMBRegHoldingCB) for eMBRegHoldingCB
    mbfuncholding.o(i.eMBFuncReadHoldingRegister) refers to mbutils.o(i.prveMBError2Exception) for prveMBError2Exception
    mbfuncholding.o(i.eMBFuncReadWriteMultipleHoldingRegister) refers to modbuscb.o(i.eMBRegHoldingCB) for eMBRegHoldingCB
    mbfuncholding.o(i.eMBFuncReadWriteMultipleHoldingRegister) refers to mbutils.o(i.prveMBError2Exception) for prveMBError2Exception
    mbfuncholding.o(i.eMBFuncWriteHoldingRegister) refers to modbuscb.o(i.eMBRegHoldingCB) for eMBRegHoldingCB
    mbfuncholding.o(i.eMBFuncWriteHoldingRegister) refers to mbutils.o(i.prveMBError2Exception) for prveMBError2Exception
    mbfuncholding.o(i.eMBFuncWriteMultipleHoldingRegister) refers to modbuscb.o(i.eMBRegHoldingCB) for eMBRegHoldingCB
    mbfuncholding.o(i.eMBFuncWriteMultipleHoldingRegister) refers to mbutils.o(i.prveMBError2Exception) for prveMBError2Exception
    mbfuncinput.o(i.eMBFuncReadInputRegister) refers to modbuscb.o(i.eMBRegInputCB) for eMBRegInputCB
    mbfuncinput.o(i.eMBFuncReadInputRegister) refers to mbutils.o(i.prveMBError2Exception) for prveMBError2Exception
    mbfuncother.o(i.eMBFuncReportSlaveID) refers to memcpya.o(.text) for __aeabi_memcpy
    mbfuncother.o(i.eMBFuncReportSlaveID) refers to mbfuncother.o(.data) for .data
    mbfuncother.o(i.eMBFuncReportSlaveID) refers to mbfuncother.o(.bss) for .bss
    mbfuncother.o(i.eMBSetSlaveID) refers to memcpya.o(.text) for __aeabi_memcpy
    mbfuncother.o(i.eMBSetSlaveID) refers to mbfuncother.o(.data) for .data
    mbfuncother.o(i.eMBSetSlaveID) refers to mbfuncother.o(.bss) for .bss
    mbcrc.o(i.usMBCRC16) refers to mbcrc.o(.constdata) for .constdata
    mbrtu.o(i.eMBRTUInit) refers to portserial.o(i.EnterCriticalSection) for EnterCriticalSection
    mbrtu.o(i.eMBRTUInit) refers to portserial.o(i.xMBPortSerialInit) for xMBPortSerialInit
    mbrtu.o(i.eMBRTUInit) refers to porttimer.o(i.xMBPortTimersInit) for xMBPortTimersInit
    mbrtu.o(i.eMBRTUInit) refers to portserial.o(i.ExitCriticalSection) for ExitCriticalSection
    mbrtu.o(i.eMBRTUReceive) refers to portserial.o(i.EnterCriticalSection) for EnterCriticalSection
    mbrtu.o(i.eMBRTUReceive) refers to mbcrc.o(i.usMBCRC16) for usMBCRC16
    mbrtu.o(i.eMBRTUReceive) refers to portserial.o(i.ExitCriticalSection) for ExitCriticalSection
    mbrtu.o(i.eMBRTUReceive) refers to mbrtu.o(.data) for .data
    mbrtu.o(i.eMBRTUReceive) refers to mbrtu.o(.bss) for .bss
    mbrtu.o(i.eMBRTUSend) refers to portserial.o(i.EnterCriticalSection) for EnterCriticalSection
    mbrtu.o(i.eMBRTUSend) refers to mbcrc.o(i.usMBCRC16) for usMBCRC16
    mbrtu.o(i.eMBRTUSend) refers to portserial.o(i.vMBPortSerialEnable) for vMBPortSerialEnable
    mbrtu.o(i.eMBRTUSend) refers to portserial.o(i.ExitCriticalSection) for ExitCriticalSection
    mbrtu.o(i.eMBRTUSend) refers to mbrtu.o(.data) for .data
    mbrtu.o(i.eMBRTUSend) refers to mbrtu.o(.bss) for .bss
    mbrtu.o(i.eMBRTUStart) refers to portserial.o(i.EnterCriticalSection) for EnterCriticalSection
    mbrtu.o(i.eMBRTUStart) refers to portserial.o(i.vMBPortSerialEnable) for vMBPortSerialEnable
    mbrtu.o(i.eMBRTUStart) refers to porttimer.o(i.vMBPortTimersEnable) for vMBPortTimersEnable
    mbrtu.o(i.eMBRTUStart) refers to portserial.o(i.ExitCriticalSection) for ExitCriticalSection
    mbrtu.o(i.eMBRTUStart) refers to mbrtu.o(.data) for .data
    mbrtu.o(i.eMBRTUStop) refers to portserial.o(i.EnterCriticalSection) for EnterCriticalSection
    mbrtu.o(i.eMBRTUStop) refers to portserial.o(i.vMBPortSerialEnable) for vMBPortSerialEnable
    mbrtu.o(i.eMBRTUStop) refers to porttimer.o(i.vMBPortTimersDisable) for vMBPortTimersDisable
    mbrtu.o(i.eMBRTUStop) refers to portserial.o(i.ExitCriticalSection) for ExitCriticalSection
    mbrtu.o(i.xMBRTUReceiveFSM) refers to portserial.o(i.xMBPortSerialGetByte) for xMBPortSerialGetByte
    mbrtu.o(i.xMBRTUReceiveFSM) refers to porttimer.o(i.vMBPortTimersEnable) for vMBPortTimersEnable
    mbrtu.o(i.xMBRTUReceiveFSM) refers to mbrtu.o(.data) for .data
    mbrtu.o(i.xMBRTUReceiveFSM) refers to mbrtu.o(.bss) for .bss
    mbrtu.o(i.xMBRTUTimerT35Expired) refers to portevent.o(i.xMBPortEventPost) for xMBPortEventPost
    mbrtu.o(i.xMBRTUTimerT35Expired) refers to porttimer.o(i.vMBPortTimersDisable) for vMBPortTimersDisable
    mbrtu.o(i.xMBRTUTimerT35Expired) refers to mbrtu.o(.data) for .data
    mbrtu.o(i.xMBRTUTransmitFSM) refers to portserial.o(i.xMBPortSerialPutByte) for xMBPortSerialPutByte
    mbrtu.o(i.xMBRTUTransmitFSM) refers to portserial.o(i.vMBPortSerialEnable) for vMBPortSerialEnable
    mbrtu.o(i.xMBRTUTransmitFSM) refers to portevent.o(i.xMBPortEventPost) for xMBPortEventPost
    mbrtu.o(i.xMBRTUTransmitFSM) refers to mbrtu.o(.data) for .data
    mb.o(i.eMBClose) refers to mb.o(.data) for .data
    mb.o(i.eMBDisable) refers to mb.o(.data) for .data
    mb.o(i.eMBEnable) refers to mb.o(.data) for .data
    mb.o(i.eMBInit) refers to mbascii.o(i.eMBASCIIInit) for eMBASCIIInit
    mb.o(i.eMBInit) refers to portevent.o(i.xMBPortEventInit) for xMBPortEventInit
    mb.o(i.eMBInit) refers to mbrtu.o(i.eMBRTUInit) for eMBRTUInit
    mb.o(i.eMBInit) refers to mb.o(.data) for .data
    mb.o(i.eMBInit) refers to mbascii.o(i.eMBASCIIStart) for eMBASCIIStart
    mb.o(i.eMBInit) refers to mbascii.o(i.eMBASCIIStop) for eMBASCIIStop
    mb.o(i.eMBInit) refers to mbascii.o(i.eMBASCIISend) for eMBASCIISend
    mb.o(i.eMBInit) refers to mbascii.o(i.eMBASCIIReceive) for eMBASCIIReceive
    mb.o(i.eMBInit) refers to mbascii.o(i.xMBASCIIReceiveFSM) for xMBASCIIReceiveFSM
    mb.o(i.eMBInit) refers to mbascii.o(i.xMBASCIITransmitFSM) for xMBASCIITransmitFSM
    mb.o(i.eMBInit) refers to mbascii.o(i.xMBASCIITimerT1SExpired) for xMBASCIITimerT1SExpired
    mb.o(i.eMBInit) refers to mbrtu.o(i.eMBRTUStart) for eMBRTUStart
    mb.o(i.eMBInit) refers to mbrtu.o(i.eMBRTUStop) for eMBRTUStop
    mb.o(i.eMBInit) refers to mbrtu.o(i.eMBRTUSend) for eMBRTUSend
    mb.o(i.eMBInit) refers to mbrtu.o(i.eMBRTUReceive) for eMBRTUReceive
    mb.o(i.eMBInit) refers to mbrtu.o(i.xMBRTUReceiveFSM) for xMBRTUReceiveFSM
    mb.o(i.eMBInit) refers to mbrtu.o(i.xMBRTUTransmitFSM) for xMBRTUTransmitFSM
    mb.o(i.eMBInit) refers to mbrtu.o(i.xMBRTUTimerT35Expired) for xMBRTUTimerT35Expired
    mb.o(i.eMBPoll) refers to portevent.o(i.xMBPortEventGet) for xMBPortEventGet
    mb.o(i.eMBPoll) refers to portevent.o(i.xMBPortEventPost) for xMBPortEventPost
    mb.o(i.eMBPoll) refers to mb.o(.data) for .data
    mb.o(i.eMBRegisterCB) refers to portserial.o(i.EnterCriticalSection) for EnterCriticalSection
    mb.o(i.eMBRegisterCB) refers to portserial.o(i.ExitCriticalSection) for ExitCriticalSection
    mb.o(i.eMBRegisterCB) refers to mb.o(.data) for .data
    mb.o(.data) refers to mbfuncother.o(i.eMBFuncReportSlaveID) for eMBFuncReportSlaveID
    mb.o(.data) refers to mbfuncinput.o(i.eMBFuncReadInputRegister) for eMBFuncReadInputRegister
    mb.o(.data) refers to mbfuncholding.o(i.eMBFuncReadHoldingRegister) for eMBFuncReadHoldingRegister
    mb.o(.data) refers to mbfuncholding.o(i.eMBFuncWriteMultipleHoldingRegister) for eMBFuncWriteMultipleHoldingRegister
    mb.o(.data) refers to mbfuncholding.o(i.eMBFuncWriteHoldingRegister) for eMBFuncWriteHoldingRegister
    mb.o(.data) refers to mbfuncholding.o(i.eMBFuncReadWriteMultipleHoldingRegister) for eMBFuncReadWriteMultipleHoldingRegister
    mb.o(.data) refers to mbfunccoils.o(i.eMBFuncReadCoils) for eMBFuncReadCoils
    mb.o(.data) refers to mbfunccoils.o(i.eMBFuncWriteCoil) for eMBFuncWriteCoil
    mb.o(.data) refers to mbfunccoils.o(i.eMBFuncWriteMultipleCoils) for eMBFuncWriteMultipleCoils
    mb.o(.data) refers to mbfuncdisc.o(i.eMBFuncReadDiscreteInputs) for eMBFuncReadDiscreteInputs
    mb.o(.data) refers to mbfuncholding.o(i.eMBFuncChargeAnalogSetup) for eMBFuncChargeAnalogSetup
    portevent.o(i.xMBPortEventGet) refers to portevent.o(.data) for .data
    portevent.o(i.xMBPortEventInit) refers to portevent.o(.data) for .data
    portevent.o(i.xMBPortEventPost) refers to portevent.o(.data) for .data
    portserial.o(i.UART1_IRQ) refers to stm32f10x_usart.o(i.USART_GetITStatus) for USART_GetITStatus
    portserial.o(i.UART1_IRQ) refers to mb.o(.data) for pxMBFrameCBTransmitterEmpty
    portserial.o(i.vMBPortSerialEnable) refers to stm32f10x_usart.o(i.USART_ITConfig) for USART_ITConfig
    portserial.o(i.xMBPortSerialGetByte) refers to stm32f10x_usart.o(i.USART_ClearFlag) for USART_ClearFlag
    portserial.o(i.xMBPortSerialGetByte) refers to stm32f10x_usart.o(i.USART_ReceiveData) for USART_ReceiveData
    portserial.o(i.xMBPortSerialInit) refers to stm32f10x_rcc.o(i.RCC_APB2PeriphClockCmd) for RCC_APB2PeriphClockCmd
    portserial.o(i.xMBPortSerialInit) refers to stm32f10x_gpio.o(i.GPIO_Init) for GPIO_Init
    portserial.o(i.xMBPortSerialInit) refers to stm32f10x_usart.o(i.USART_Init) for USART_Init
    portserial.o(i.xMBPortSerialInit) refers to stm32f10x_usart.o(i.USART_Cmd) for USART_Cmd
    portserial.o(i.xMBPortSerialPutByte) refers to stm32f10x_usart.o(i.USART_SendData) for USART_SendData
    portserial.o(i.xMBPortSerialPutByte) refers to stm32f10x_usart.o(i.USART_GetFlagStatus) for USART_GetFlagStatus
    porttimer.o(i.prvvTIMERExpiredISR) refers to mb.o(.data) for pxMBPortCBTimerExpired
    porttimer.o(i.vMBPortTimersDisable) refers to stm32f10x_tim.o(i.TIM_ITConfig) for TIM_ITConfig
    porttimer.o(i.vMBPortTimersDisable) refers to stm32f10x_tim.o(i.TIM_Cmd) for TIM_Cmd
    porttimer.o(i.vMBPortTimersDisable) refers to stm32f10x_gpio.o(i.GPIO_ResetBits) for GPIO_ResetBits
    porttimer.o(i.vMBPortTimersEnable) refers to stm32f10x_tim.o(i.TIM_ClearFlag) for TIM_ClearFlag
    porttimer.o(i.vMBPortTimersEnable) refers to stm32f10x_tim.o(i.TIM_SetCounter) for TIM_SetCounter
    porttimer.o(i.vMBPortTimersEnable) refers to stm32f10x_tim.o(i.TIM_ITConfig) for TIM_ITConfig
    porttimer.o(i.vMBPortTimersEnable) refers to stm32f10x_tim.o(i.TIM_Cmd) for TIM_Cmd
    porttimer.o(i.vMBPortTimersEnable) refers to stm32f10x_gpio.o(i.GPIO_SetBits) for GPIO_SetBits
    porttimer.o(i.xMBPortTimersInit) refers to stm32f10x_rcc.o(i.RCC_APB1PeriphClockCmd) for RCC_APB1PeriphClockCmd
    porttimer.o(i.xMBPortTimersInit) refers to stm32f10x_tim.o(i.TIM_TimeBaseInit) for TIM_TimeBaseInit
    porttimer.o(i.xMBPortTimersInit) refers to stm32f10x_tim.o(i.TIM_ClearFlag) for TIM_ClearFlag
    stm32f10x_it.o(i.TIM2_IRQHandler) refers to porttimer.o(i.prvvTIMERExpiredISR) for prvvTIMERExpiredISR
    stm32f10x_it.o(i.USART1_IRQHandler) refers to portserial.o(i.UART1_IRQ) for UART1_IRQ
    main.o(i.LED_Config) refers to stm32f10x_rcc.o(i.RCC_APB2PeriphClockCmd) for RCC_APB2PeriphClockCmd
    main.o(i.LED_Config) refers to stm32f10x_gpio.o(i.GPIO_Init) for GPIO_Init
    main.o(i.NVIC_Configuration) refers to misc.o(i.NVIC_Init) for NVIC_Init
    main.o(i.fputc) refers to stm32f10x_usart.o(i.USART_GetFlagStatus) for USART_GetFlagStatus
    main.o(i.fputc) refers to stm32f10x_usart.o(i.USART_SendData) for USART_SendData
    main.o(i.main) refers to misc.o(i.NVIC_PriorityGroupConfig) for NVIC_PriorityGroupConfig
    main.o(i.main) refers to main.o(i.NVIC_Configuration) for NVIC_Configuration
    main.o(i.main) refers to main.o(i.LED_Config) for LED_Config
    main.o(i.main) refers to mb.o(i.eMBInit) for eMBInit
    main.o(i.main) refers to mb.o(i.eMBEnable) for eMBEnable
    main.o(i.main) refers to mb.o(i.eMBPoll) for eMBPoll
    modbuscb.o(i.eMBRegCoilsCB) refers to stm32f10x_gpio.o(i.GPIO_SetBits) for GPIO_SetBits
    modbuscb.o(i.eMBRegCoilsCB) refers to stm32f10x_gpio.o(i.GPIO_ResetBits) for GPIO_ResetBits
    modbuscb.o(i.eMBRegCoilsCB) refers to modbuscb.o(.data) for .data
    modbuscb.o(i.eMBRegDiscreteCB) refers to stm32f10x_gpio.o(i.GPIO_SetBits) for GPIO_SetBits
    modbuscb.o(i.eMBRegDiscreteCB) refers to stm32f10x_gpio.o(i.GPIO_ResetBits) for GPIO_ResetBits
    modbuscb.o(i.eMBRegDiscreteCB) refers to modbuscb.o(.data) for .data
    modbuscb.o(i.eMBRegHoldingCB) refers to stm32f10x_gpio.o(i.GPIO_SetBits) for GPIO_SetBits
    modbuscb.o(i.eMBRegHoldingCB) refers to stm32f10x_gpio.o(i.GPIO_ResetBits) for GPIO_ResetBits
    modbuscb.o(i.eMBRegHoldingCB) refers to modbuscb.o(.data) for .data
    modbuscb.o(i.eMBRegInputCB) refers to stm32f10x_gpio.o(i.GPIO_SetBits) for GPIO_SetBits
    modbuscb.o(i.eMBRegInputCB) refers to stm32f10x_gpio.o(i.GPIO_ResetBits) for GPIO_ResetBits
    modbuscb.o(i.eMBRegInputCB) refers to modbuscb.o(.data) for .data
    entry.o(.ARM.Collect$$$$00000000) refers (Special) to entry7.o(.ARM.Collect$$$$00000007) for _main_init
    entry.o(.ARM.Collect$$$$00000000) refers (Special) to entry5.o(.ARM.Collect$$$$00000004) for _main_scatterload
    entry.o(.ARM.Collect$$$$00000000) refers (Special) to entry2.o(.ARM.Collect$$$$00000001) for _main_stk
    entry2.o(.ARM.Collect$$$$00000001) refers to entry2.o(.ARM.Collect$$$$00002712) for __lit__00000000
    entry2.o(.ARM.Collect$$$$00002712) refers to startup_stm32f10x_hd.o(STACK) for __initial_sp
    entry2.o(__vectab_stack_and_reset_area) refers to startup_stm32f10x_hd.o(STACK) for __initial_sp
    entry2.o(__vectab_stack_and_reset_area) refers to entry.o(.ARM.Collect$$$$00000000) for __main
    entry5.o(.ARM.Collect$$$$00000004) refers to init.o(.text) for __scatterload
    entry7.o(.ARM.Collect$$$$00000007) refers to main.o(i.main) for main
    init.o(.text) refers to entry5.o(.ARM.Collect$$$$00000004) for __main_after_scatterload


==============================================================================

Removing Unused input sections from the image.

    Removing startup_stm32f10x_hd.o(HEAP), (512 bytes).
    Removing system_stm32f10x.o(i.SystemCoreClockUpdate), (104 bytes).
    Removing system_stm32f10x.o(.data), (20 bytes).
    Removing core_cm3.o(.emb_text), (32 bytes).
    Removing misc.o(i.NVIC_SetVectorTable), (20 bytes).
    Removing misc.o(i.NVIC_SystemLPConfig), (24 bytes).
    Removing misc.o(i.SysTick_CLKSourceConfig), (24 bytes).
    Removing stm32f10x_gpio.o(i.GPIO_AFIODeInit), (22 bytes).
    Removing stm32f10x_gpio.o(i.GPIO_DeInit), (180 bytes).
    Removing stm32f10x_gpio.o(i.GPIO_ETH_MediaInterfaceConfig), (12 bytes).
    Removing stm32f10x_gpio.o(i.GPIO_EXTILineConfig), (40 bytes).
    Removing stm32f10x_gpio.o(i.GPIO_EventOutputCmd), (12 bytes).
    Removing stm32f10x_gpio.o(i.GPIO_EventOutputConfig), (28 bytes).
    Removing stm32f10x_gpio.o(i.GPIO_PinLockConfig), (16 bytes).
    Removing stm32f10x_gpio.o(i.GPIO_PinRemapConfig), (88 bytes).
    Removing stm32f10x_gpio.o(i.GPIO_ReadInputData), (6 bytes).
    Removing stm32f10x_gpio.o(i.GPIO_ReadInputDataBit), (14 bytes).
    Removing stm32f10x_gpio.o(i.GPIO_ReadOutputData), (6 bytes).
    Removing stm32f10x_gpio.o(i.GPIO_ReadOutputDataBit), (14 bytes).
    Removing stm32f10x_gpio.o(i.GPIO_StructInit), (16 bytes).
    Removing stm32f10x_gpio.o(i.GPIO_Write), (4 bytes).
    Removing stm32f10x_gpio.o(i.GPIO_WriteBit), (10 bytes).
    Removing stm32f10x_rcc.o(i.RCC_ADCCLKConfig), (20 bytes).
    Removing stm32f10x_rcc.o(i.RCC_AHBPeriphClockCmd), (24 bytes).
    Removing stm32f10x_rcc.o(i.RCC_APB1PeriphResetCmd), (24 bytes).
    Removing stm32f10x_rcc.o(i.RCC_APB2PeriphResetCmd), (24 bytes).
    Removing stm32f10x_rcc.o(i.RCC_AdjustHSICalibrationValue), (20 bytes).
    Removing stm32f10x_rcc.o(i.RCC_BackupResetCmd), (12 bytes).
    Removing stm32f10x_rcc.o(i.RCC_ClearFlag), (16 bytes).
    Removing stm32f10x_rcc.o(i.RCC_ClearITPendingBit), (12 bytes).
    Removing stm32f10x_rcc.o(i.RCC_ClockSecuritySystemCmd), (12 bytes).
    Removing stm32f10x_rcc.o(i.RCC_DeInit), (64 bytes).
    Removing stm32f10x_rcc.o(i.RCC_GetFlagStatus), (48 bytes).
    Removing stm32f10x_rcc.o(i.RCC_GetITStatus), (20 bytes).
    Removing stm32f10x_rcc.o(i.RCC_GetSYSCLKSource), (16 bytes).
    Removing stm32f10x_rcc.o(i.RCC_HCLKConfig), (20 bytes).
    Removing stm32f10x_rcc.o(i.RCC_HSEConfig), (52 bytes).
    Removing stm32f10x_rcc.o(i.RCC_HSICmd), (12 bytes).
    Removing stm32f10x_rcc.o(i.RCC_ITConfig), (24 bytes).
    Removing stm32f10x_rcc.o(i.RCC_LSEConfig), (32 bytes).
    Removing stm32f10x_rcc.o(i.RCC_LSICmd), (12 bytes).
    Removing stm32f10x_rcc.o(i.RCC_MCOConfig), (12 bytes).
    Removing stm32f10x_rcc.o(i.RCC_PCLK1Config), (20 bytes).
    Removing stm32f10x_rcc.o(i.RCC_PCLK2Config), (20 bytes).
    Removing stm32f10x_rcc.o(i.RCC_PLLCmd), (12 bytes).
    Removing stm32f10x_rcc.o(i.RCC_PLLConfig), (20 bytes).
    Removing stm32f10x_rcc.o(i.RCC_RTCCLKCmd), (12 bytes).
    Removing stm32f10x_rcc.o(i.RCC_RTCCLKConfig), (16 bytes).
    Removing stm32f10x_rcc.o(i.RCC_SYSCLKConfig), (20 bytes).
    Removing stm32f10x_rcc.o(i.RCC_USBCLKConfig), (12 bytes).
    Removing stm32f10x_rcc.o(i.RCC_WaitForHSEStartUp), (38 bytes).
    Removing stm32f10x_usart.o(i.USART_ClearITPendingBit), (12 bytes).
    Removing stm32f10x_usart.o(i.USART_ClockInit), (30 bytes).
    Removing stm32f10x_usart.o(i.USART_ClockStructInit), (12 bytes).
    Removing stm32f10x_usart.o(i.USART_DMACmd), (16 bytes).
    Removing stm32f10x_usart.o(i.USART_DeInit), (116 bytes).
    Removing stm32f10x_usart.o(i.USART_HalfDuplexCmd), (20 bytes).
    Removing stm32f10x_usart.o(i.USART_IrDACmd), (20 bytes).
    Removing stm32f10x_usart.o(i.USART_IrDAConfig), (16 bytes).
    Removing stm32f10x_usart.o(i.USART_LINBreakDetectLengthConfig), (16 bytes).
    Removing stm32f10x_usart.o(i.USART_LINCmd), (20 bytes).
    Removing stm32f10x_usart.o(i.USART_OneBitMethodCmd), (20 bytes).
    Removing stm32f10x_usart.o(i.USART_OverSampling8Cmd), (20 bytes).
    Removing stm32f10x_usart.o(i.USART_ReceiverWakeUpCmd), (20 bytes).
    Removing stm32f10x_usart.o(i.USART_SendBreak), (10 bytes).
    Removing stm32f10x_usart.o(i.USART_SetAddress), (16 bytes).
    Removing stm32f10x_usart.o(i.USART_SetGuardTime), (16 bytes).
    Removing stm32f10x_usart.o(i.USART_SetPrescaler), (16 bytes).
    Removing stm32f10x_usart.o(i.USART_SmartCardCmd), (20 bytes).
    Removing stm32f10x_usart.o(i.USART_SmartCardNACKCmd), (20 bytes).
    Removing stm32f10x_usart.o(i.USART_StructInit), (22 bytes).
    Removing stm32f10x_usart.o(i.USART_WakeUpConfig), (16 bytes).
    Removing stm32f10x_tim.o(i.TI1_Config), (104 bytes).
    Removing stm32f10x_tim.o(i.TI2_Config), (120 bytes).
    Removing stm32f10x_tim.o(i.TIM_ARRPreloadConfig), (20 bytes).
    Removing stm32f10x_tim.o(i.TIM_BDTRConfig), (34 bytes).
    Removing stm32f10x_tim.o(i.TIM_BDTRStructInit), (18 bytes).
    Removing stm32f10x_tim.o(i.TIM_CCPreloadControl), (20 bytes).
    Removing stm32f10x_tim.o(i.TIM_CCxCmd), (22 bytes).
    Removing stm32f10x_tim.o(i.TIM_CCxNCmd), (22 bytes).
    Removing stm32f10x_tim.o(i.TIM_ClearITPendingBit), (6 bytes).
    Removing stm32f10x_tim.o(i.TIM_ClearOC1Ref), (12 bytes).
    Removing stm32f10x_tim.o(i.TIM_ClearOC2Ref), (14 bytes).
    Removing stm32f10x_tim.o(i.TIM_ClearOC3Ref), (12 bytes).
    Removing stm32f10x_tim.o(i.TIM_ClearOC4Ref), (14 bytes).
    Removing stm32f10x_tim.o(i.TIM_CounterModeConfig), (12 bytes).
    Removing stm32f10x_tim.o(i.TIM_CtrlPWMOutputs), (22 bytes).
    Removing stm32f10x_tim.o(i.TIM_DMACmd), (16 bytes).
    Removing stm32f10x_tim.o(i.TIM_DMAConfig), (8 bytes).
    Removing stm32f10x_tim.o(i.TIM_DeInit), (368 bytes).
    Removing stm32f10x_tim.o(i.TIM_ETRClockMode1Config), (18 bytes).
    Removing stm32f10x_tim.o(i.TIM_ETRClockMode2Config), (18 bytes).
    Removing stm32f10x_tim.o(i.TIM_ETRConfig), (18 bytes).
    Removing stm32f10x_tim.o(i.TIM_EncoderInterfaceConfig), (44 bytes).
    Removing stm32f10x_tim.o(i.TIM_ForcedOC1Config), (12 bytes).
    Removing stm32f10x_tim.o(i.TIM_ForcedOC2Config), (14 bytes).
    Removing stm32f10x_tim.o(i.TIM_ForcedOC3Config), (12 bytes).
    Removing stm32f10x_tim.o(i.TIM_ForcedOC4Config), (14 bytes).
    Removing stm32f10x_tim.o(i.TIM_GenerateEvent), (4 bytes).
    Removing stm32f10x_tim.o(i.TIM_GetCapture1), (4 bytes).
    Removing stm32f10x_tim.o(i.TIM_GetCapture2), (4 bytes).
    Removing stm32f10x_tim.o(i.TIM_GetCapture3), (4 bytes).
    Removing stm32f10x_tim.o(i.TIM_GetCapture4), (6 bytes).
    Removing stm32f10x_tim.o(i.TIM_GetCounter), (4 bytes).
    Removing stm32f10x_tim.o(i.TIM_GetFlagStatus), (14 bytes).
    Removing stm32f10x_tim.o(i.TIM_GetITStatus), (24 bytes).
    Removing stm32f10x_tim.o(i.TIM_GetPrescaler), (4 bytes).
    Removing stm32f10x_tim.o(i.TIM_ICInit), (308 bytes).
    Removing stm32f10x_tim.o(i.TIM_ICStructInit), (16 bytes).
    Removing stm32f10x_tim.o(i.TIM_ITRxExternalClockConfig), (20 bytes).
    Removing stm32f10x_tim.o(i.TIM_InternalClockConfig), (10 bytes).
    Removing stm32f10x_tim.o(i.TIM_OC1FastConfig), (12 bytes).
    Removing stm32f10x_tim.o(i.TIM_OC1Init), (128 bytes).
    Removing stm32f10x_tim.o(i.TIM_OC1NPolarityConfig), (12 bytes).
    Removing stm32f10x_tim.o(i.TIM_OC1PolarityConfig), (12 bytes).
    Removing stm32f10x_tim.o(i.TIM_OC1PreloadConfig), (12 bytes).
    Removing stm32f10x_tim.o(i.TIM_OC2FastConfig), (14 bytes).
    Removing stm32f10x_tim.o(i.TIM_OC2Init), (124 bytes).
    Removing stm32f10x_tim.o(i.TIM_OC2NPolarityConfig), (14 bytes).
    Removing stm32f10x_tim.o(i.TIM_OC2PolarityConfig), (14 bytes).
    Removing stm32f10x_tim.o(i.TIM_OC2PreloadConfig), (14 bytes).
    Removing stm32f10x_tim.o(i.TIM_OC3FastConfig), (12 bytes).
    Removing stm32f10x_tim.o(i.TIM_OC3Init), (120 bytes).
    Removing stm32f10x_tim.o(i.TIM_OC3NPolarityConfig), (14 bytes).
    Removing stm32f10x_tim.o(i.TIM_OC3PolarityConfig), (14 bytes).
    Removing stm32f10x_tim.o(i.TIM_OC3PreloadConfig), (12 bytes).
    Removing stm32f10x_tim.o(i.TIM_OC4FastConfig), (14 bytes).
    Removing stm32f10x_tim.o(i.TIM_OC4Init), (96 bytes).
    Removing stm32f10x_tim.o(i.TIM_OC4PolarityConfig), (14 bytes).
    Removing stm32f10x_tim.o(i.TIM_OC4PreloadConfig), (14 bytes).
    Removing stm32f10x_tim.o(i.TIM_OCStructInit), (20 bytes).
    Removing stm32f10x_tim.o(i.TIM_PWMIConfig), (108 bytes).
    Removing stm32f10x_tim.o(i.TIM_PrescalerConfig), (6 bytes).
    Removing stm32f10x_tim.o(i.TIM_SelectCCDMA), (20 bytes).
    Removing stm32f10x_tim.o(i.TIM_SelectCOM), (20 bytes).
    Removing stm32f10x_tim.o(i.TIM_SelectHallSensor), (20 bytes).
    Removing stm32f10x_tim.o(i.TIM_SelectInputTrigger), (12 bytes).
    Removing stm32f10x_tim.o(i.TIM_SelectMasterSlaveMode), (16 bytes).
    Removing stm32f10x_tim.o(i.TIM_SelectOCxM), (66 bytes).
    Removing stm32f10x_tim.o(i.TIM_SelectOnePulseMode), (16 bytes).
    Removing stm32f10x_tim.o(i.TIM_SelectOutputTrigger), (16 bytes).
    Removing stm32f10x_tim.o(i.TIM_SelectSlaveMode), (16 bytes).
    Removing stm32f10x_tim.o(i.TIM_SetAutoreload), (4 bytes).
    Removing stm32f10x_tim.o(i.TIM_SetClockDivision), (16 bytes).
    Removing stm32f10x_tim.o(i.TIM_SetCompare1), (4 bytes).
    Removing stm32f10x_tim.o(i.TIM_SetCompare2), (4 bytes).
    Removing stm32f10x_tim.o(i.TIM_SetCompare3), (4 bytes).
    Removing stm32f10x_tim.o(i.TIM_SetCompare4), (6 bytes).
    Removing stm32f10x_tim.o(i.TIM_SetIC1Prescaler), (16 bytes).
    Removing stm32f10x_tim.o(i.TIM_SetIC2Prescaler), (18 bytes).
    Removing stm32f10x_tim.o(i.TIM_SetIC3Prescaler), (16 bytes).
    Removing stm32f10x_tim.o(i.TIM_SetIC4Prescaler), (18 bytes).
    Removing stm32f10x_tim.o(i.TIM_TIxExternalClockConfig), (46 bytes).
    Removing stm32f10x_tim.o(i.TIM_TimeBaseStructInit), (18 bytes).
    Removing stm32f10x_tim.o(i.TIM_UpdateDisableConfig), (20 bytes).
    Removing stm32f10x_tim.o(i.TIM_UpdateRequestConfig), (20 bytes).
    Removing mbfuncother.o(i.eMBSetSlaveID), (84 bytes).
    Removing mbutils.o(i.xMBUtilGetBits), (34 bytes).
    Removing mbutils.o(i.xMBUtilSetBits), (42 bytes).
    Removing mb.o(i.eMBClose), (32 bytes).
    Removing mb.o(i.eMBDisable), (36 bytes).
    Removing mb.o(i.eMBRegisterCB), (108 bytes).
    Removing mb.o(.data), (4 bytes).
    Removing mb.o(.data), (4 bytes).
    Removing portserial.o(.data), (1 bytes).
    Removing portserial.o(.data), (1 bytes).
    Removing main.o(i.fputc), (36 bytes).

167 unused section(s) (total 5334 bytes) removed from the image.

==============================================================================

Image Symbol Table

    Local Symbols

    Symbol Name                              Value     Ov Type        Size  Object(Section)

    ../../microlib/init/entry.s              0x00000000   Number         0  entry.o ABSOLUTE
    ../../microlib/init/entry.s              0x00000000   Number         0  entry2.o ABSOLUTE
    ../../microlib/init/entry.s              0x00000000   Number         0  entry5.o ABSOLUTE
    ../../microlib/init/entry.s              0x00000000   Number         0  entry7.o ABSOLUTE
    ../../microlib/string/memcpy.c           0x00000000   Number         0  memcpya.o ABSOLUTE
    ../../microlib/string/memcpy.c           0x00000000   Number         0  memcpyb.o ABSOLUTE
    dc.s                                     0x00000000   Number         0  dc.o ABSOLUTE
    handlers.s                               0x00000000   Number         0  handlers.o ABSOLUTE
    init.s                                   0x00000000   Number         0  init.o ABSOLUTE
    scr\Libraries\CMSIS\core_cm3.c           0x00000000   Number         0  core_cm3.o ABSOLUTE
    scr\Libraries\STM32F10x_StdPeriph_Driver\src\misc.c 0x00000000   Number         0  misc.o ABSOLUTE
    scr\Libraries\STM32F10x_StdPeriph_Driver\src\stm32f10x_gpio.c 0x00000000   Number         0  stm32f10x_gpio.o ABSOLUTE
    scr\Libraries\STM32F10x_StdPeriph_Driver\src\stm32f10x_rcc.c 0x00000000   Number         0  stm32f10x_rcc.o ABSOLUTE
    scr\Libraries\STM32F10x_StdPeriph_Driver\src\stm32f10x_tim.c 0x00000000   Number         0  stm32f10x_tim.o ABSOLUTE
    scr\Libraries\STM32F10x_StdPeriph_Driver\src\stm32f10x_usart.c 0x00000000   Number         0  stm32f10x_usart.o ABSOLUTE
    scr\Libraries\Startup\startup_stm32f10x_hd.s 0x00000000   Number         0  startup_stm32f10x_hd.o ABSOLUTE
    scr\Libraries\Startup\system_stm32f10x.c 0x00000000   Number         0  system_stm32f10x.o ABSOLUTE
    scr\\Libraries\\CMSIS\\core_cm3.c        0x00000000   Number         0  core_cm3.o ABSOLUTE
    scr\main.c                               0x00000000   Number         0  main.o ABSOLUTE
    scr\modbusCB.c                           0x00000000   Number         0  modbuscb.o ABSOLUTE
    scr\modbus\ascii\mbascii.c               0x00000000   Number         0  mbascii.o ABSOLUTE
    scr\modbus\functions\mbfunccoils.c       0x00000000   Number         0  mbfunccoils.o ABSOLUTE
    scr\modbus\functions\mbfuncdiag.c        0x00000000   Number         0  mbfuncdiag.o ABSOLUTE
    scr\modbus\functions\mbfuncdisc.c        0x00000000   Number         0  mbfuncdisc.o ABSOLUTE
    scr\modbus\functions\mbfuncholding.c     0x00000000   Number         0  mbfuncholding.o ABSOLUTE
    scr\modbus\functions\mbfuncinput.c       0x00000000   Number         0  mbfuncinput.o ABSOLUTE
    scr\modbus\functions\mbfuncother.c       0x00000000   Number         0  mbfuncother.o ABSOLUTE
    scr\modbus\functions\mbutils.c           0x00000000   Number         0  mbutils.o ABSOLUTE
    scr\modbus\mb.c                          0x00000000   Number         0  mb.o ABSOLUTE
    scr\modbus\port\portevent.c              0x00000000   Number         0  portevent.o ABSOLUTE
    scr\modbus\port\portserial.c             0x00000000   Number         0  portserial.o ABSOLUTE
    scr\modbus\port\porttimer.c              0x00000000   Number         0  porttimer.o ABSOLUTE
    scr\modbus\rtu\mbcrc.c                   0x00000000   Number         0  mbcrc.o ABSOLUTE
    scr\modbus\rtu\mbrtu.c                   0x00000000   Number         0  mbrtu.o ABSOLUTE
    scr\modbus\tcp\mbtcp.c                   0x00000000   Number         0  mbtcp.o ABSOLUTE
    scr\stm32f10x_it.c                       0x00000000   Number         0  stm32f10x_it.o ABSOLUTE
    RESET                                    0x08000000   Section      304  startup_stm32f10x_hd.o(RESET)
    .ARM.Collect$$$$00000000                 0x08000130   Section        0  entry.o(.ARM.Collect$$$$00000000)
    .ARM.Collect$$$$00000001                 0x08000130   Section        4  entry2.o(.ARM.Collect$$$$00000001)
    .ARM.Collect$$$$00000004                 0x08000134   Section        4  entry5.o(.ARM.Collect$$$$00000004)
    .ARM.Collect$$$$00000007                 0x08000138   Section        8  entry7.o(.ARM.Collect$$$$00000007)
    .ARM.Collect$$$$00002712                 0x08000140   Section        4  entry2.o(.ARM.Collect$$$$00002712)
    __lit__00000000                          0x08000140   Data           4  entry2.o(.ARM.Collect$$$$00002712)
    .text                                    0x08000144   Section       36  startup_stm32f10x_hd.o(.text)
    .text                                    0x08000168   Section       36  memcpya.o(.text)
    .text                                    0x0800018c   Section       36  init.o(.text)
    i.BusFault_Handler                       0x080001b0   Section        2  stm32f10x_it.o(i.BusFault_Handler)
    i.DebugMon_Handler                       0x080001b2   Section        2  stm32f10x_it.o(i.DebugMon_Handler)
    i.EnterCriticalSection                   0x080001b4   Section        4  portserial.o(i.EnterCriticalSection)
    i.ExitCriticalSection                    0x080001b8   Section        4  portserial.o(i.ExitCriticalSection)
    i.GPIO_Init                              0x080001bc   Section      156  stm32f10x_gpio.o(i.GPIO_Init)
    i.GPIO_ResetBits                         0x08000258   Section        4  stm32f10x_gpio.o(i.GPIO_ResetBits)
    i.GPIO_SetBits                           0x0800025c   Section        4  stm32f10x_gpio.o(i.GPIO_SetBits)
    i.HardFault_Handler                      0x08000260   Section        2  stm32f10x_it.o(i.HardFault_Handler)
    i.LED_Config                             0x08000264   Section       44  main.o(i.LED_Config)
    i.MemManage_Handler                      0x08000290   Section        2  stm32f10x_it.o(i.MemManage_Handler)
    i.NMI_Handler                            0x08000292   Section        2  stm32f10x_it.o(i.NMI_Handler)
    i.NVIC_Configuration                     0x08000294   Section       58  main.o(i.NVIC_Configuration)
    i.NVIC_Init                              0x080002ce   Section       92  misc.o(i.NVIC_Init)
    i.NVIC_PriorityGroupConfig               0x0800032c   Section       20  misc.o(i.NVIC_PriorityGroupConfig)
    i.PendSV_Handler                         0x08000340   Section        2  stm32f10x_it.o(i.PendSV_Handler)
    i.RCC_APB1PeriphClockCmd                 0x08000344   Section       24  stm32f10x_rcc.o(i.RCC_APB1PeriphClockCmd)
    i.RCC_APB2PeriphClockCmd                 0x0800035c   Section       24  stm32f10x_rcc.o(i.RCC_APB2PeriphClockCmd)
    i.RCC_GetClocksFreq                      0x08000374   Section      152  stm32f10x_rcc.o(i.RCC_GetClocksFreq)
    i.SVC_Handler                            0x0800040c   Section        2  stm32f10x_it.o(i.SVC_Handler)
    i.SetSysClockTo72                        0x08000410   Section      148  system_stm32f10x.o(i.SetSysClockTo72)
    SetSysClockTo72                          0x08000411   Thumb Code   138  system_stm32f10x.o(i.SetSysClockTo72)
    i.SysTick_Handler                        0x080004a4   Section        2  stm32f10x_it.o(i.SysTick_Handler)
    i.SystemInit                             0x080004a8   Section       80  system_stm32f10x.o(i.SystemInit)
    i.TIM2_IRQHandler                        0x080004f8   Section        4  stm32f10x_it.o(i.TIM2_IRQHandler)
    i.TIM_ClearFlag                          0x080004fc   Section        6  stm32f10x_tim.o(i.TIM_ClearFlag)
    i.TIM_Cmd                                0x08000502   Section       20  stm32f10x_tim.o(i.TIM_Cmd)
    i.TIM_ITConfig                           0x08000516   Section       16  stm32f10x_tim.o(i.TIM_ITConfig)
    i.TIM_SetCounter                         0x08000526   Section        4  stm32f10x_tim.o(i.TIM_SetCounter)
    i.TIM_TimeBaseInit                       0x0800052c   Section      156  stm32f10x_tim.o(i.TIM_TimeBaseInit)
    i.UART1_IRQ                              0x080005c8   Section       60  portserial.o(i.UART1_IRQ)
    i.USART1_IRQHandler                      0x08000604   Section        4  stm32f10x_it.o(i.USART1_IRQHandler)
    i.USART_ClearFlag                        0x08000608   Section        6  stm32f10x_usart.o(i.USART_ClearFlag)
    i.USART_Cmd                              0x0800060e   Section       20  stm32f10x_usart.o(i.USART_Cmd)
    i.USART_GetFlagStatus                    0x08000622   Section       14  stm32f10x_usart.o(i.USART_GetFlagStatus)
    i.USART_GetITStatus                      0x08000630   Section       62  stm32f10x_usart.o(i.USART_GetITStatus)
    i.USART_ITConfig                         0x0800066e   Section       48  stm32f10x_usart.o(i.USART_ITConfig)
    i.USART_Init                             0x080006a0   Section      180  stm32f10x_usart.o(i.USART_Init)
    i.USART_ReceiveData                      0x08000754   Section        8  stm32f10x_usart.o(i.USART_ReceiveData)
    i.USART_SendData                         0x0800075c   Section        8  stm32f10x_usart.o(i.USART_SendData)
    i.UsageFault_Handler                     0x08000764   Section        2  stm32f10x_it.o(i.UsageFault_Handler)
    i.__scatterload_copy                     0x08000766   Section       14  handlers.o(i.__scatterload_copy)
    i.__scatterload_null                     0x08000774   Section        2  handlers.o(i.__scatterload_null)
    i.__scatterload_zeroinit                 0x08000776   Section       14  handlers.o(i.__scatterload_zeroinit)
    i.eMBASCIIInit                           0x08000784   Section       68  mbascii.o(i.eMBASCIIInit)
    i.eMBASCIIReceive                        0x080007c8   Section       72  mbascii.o(i.eMBASCIIReceive)
    i.eMBASCIISend                           0x08000810   Section       96  mbascii.o(i.eMBASCIISend)
    i.eMBASCIIStart                          0x08000870   Section       40  mbascii.o(i.eMBASCIIStart)
    i.eMBASCIIStop                           0x08000898   Section       26  mbascii.o(i.eMBASCIIStop)
    i.eMBEnable                              0x080008b4   Section       32  mb.o(i.eMBEnable)
    i.eMBFuncChargeAnalogSetup               0x080008d4   Section       94  mbfuncholding.o(i.eMBFuncChargeAnalogSetup)
    i.eMBFuncReadCoils                       0x08000932   Section      112  mbfunccoils.o(i.eMBFuncReadCoils)
    i.eMBFuncReadDiscreteInputs              0x080009a2   Section      112  mbfuncdisc.o(i.eMBFuncReadDiscreteInputs)
    i.eMBFuncReadHoldingRegister             0x08000a12   Section       94  mbfuncholding.o(i.eMBFuncReadHoldingRegister)
    i.eMBFuncReadInputRegister               0x08000a70   Section       98  mbfuncinput.o(i.eMBFuncReadInputRegister)
    i.eMBFuncReadWriteMultipleHoldingRegister 0x08000ad2   Section      158  mbfuncholding.o(i.eMBFuncReadWriteMultipleHoldingRegister)
    i.eMBFuncReportSlaveID                   0x08000b70   Section       36  mbfuncother.o(i.eMBFuncReportSlaveID)
    i.eMBFuncWriteCoil                       0x08000b94   Section       84  mbfunccoils.o(i.eMBFuncWriteCoil)
    i.eMBFuncWriteHoldingRegister            0x08000be8   Section       48  mbfuncholding.o(i.eMBFuncWriteHoldingRegister)
    i.eMBFuncWriteMultipleCoils              0x08000c18   Section       96  mbfunccoils.o(i.eMBFuncWriteMultipleCoils)
    i.eMBFuncWriteMultipleHoldingRegister    0x08000c78   Section       78  mbfuncholding.o(i.eMBFuncWriteMultipleHoldingRegister)
    i.eMBInit                                0x08000cc8   Section      196  mb.o(i.eMBInit)
    i.eMBPoll                                0x08000d8c   Section      180  mb.o(i.eMBPoll)
    i.eMBRTUInit                             0x08000e40   Section       76  mbrtu.o(i.eMBRTUInit)
    i.eMBRTUReceive                          0x08000e8c   Section       76  mbrtu.o(i.eMBRTUReceive)
    i.eMBRTUSend                             0x08000ed8   Section      112  mbrtu.o(i.eMBRTUSend)
    i.eMBRTUStart                            0x08000f48   Section       36  mbrtu.o(i.eMBRTUStart)
    i.eMBRTUStop                             0x08000f6c   Section       26  mbrtu.o(i.eMBRTUStop)
    i.eMBRegCoilsCB                          0x08000f88   Section       48  modbuscb.o(i.eMBRegCoilsCB)
    i.eMBRegDiscreteCB                       0x08000fb8   Section       48  modbuscb.o(i.eMBRegDiscreteCB)
    i.eMBRegHoldingCB                        0x08000fe8   Section       64  modbuscb.o(i.eMBRegHoldingCB)
    i.eMBRegInputCB                          0x08001028   Section       48  modbuscb.o(i.eMBRegInputCB)
    i.main                                   0x08001058   Section       46  main.o(i.main)
    i.prveMBError2Exception                  0x08001086   Section       24  mbutils.o(i.prveMBError2Exception)
    i.prvucMBBIN2CHAR                        0x0800109e   Section       26  mbascii.o(i.prvucMBBIN2CHAR)
    prvucMBBIN2CHAR                          0x0800109f   Thumb Code    26  mbascii.o(i.prvucMBBIN2CHAR)
    i.prvucMBLRC                             0x080010b8   Section       28  mbascii.o(i.prvucMBLRC)
    prvucMBLRC                               0x080010b9   Thumb Code    28  mbascii.o(i.prvucMBLRC)
    i.prvvTIMERExpiredISR                    0x080010d4   Section       12  porttimer.o(i.prvvTIMERExpiredISR)
    i.usMBCRC16                              0x080010e0   Section       48  mbcrc.o(i.usMBCRC16)
    i.vMBPortSerialEnable                    0x08001110   Section       52  portserial.o(i.vMBPortSerialEnable)
    i.vMBPortTimersDisable                   0x08001144   Section       40  porttimer.o(i.vMBPortTimersDisable)
    i.vMBPortTimersEnable                    0x0800116c   Section       56  porttimer.o(i.vMBPortTimersEnable)
    i.xMBASCIIReceiveFSM                     0x080011a4   Section      216  mbascii.o(i.xMBASCIIReceiveFSM)
    i.xMBASCIITimerT1SExpired                0x0800127c   Section       32  mbascii.o(i.xMBASCIITimerT1SExpired)
    i.xMBASCIITransmitFSM                    0x0800129c   Section      164  mbascii.o(i.xMBASCIITransmitFSM)
    i.xMBPortEventGet                        0x08001340   Section       28  portevent.o(i.xMBPortEventGet)
    i.xMBPortEventInit                       0x0800135c   Section       16  portevent.o(i.xMBPortEventInit)
    i.xMBPortEventPost                       0x0800136c   Section       16  portevent.o(i.xMBPortEventPost)
    i.xMBPortSerialGetByte                   0x0800137c   Section       32  portserial.o(i.xMBPortSerialGetByte)
    i.xMBPortSerialInit                      0x0800139c   Section      200  portserial.o(i.xMBPortSerialInit)
    i.xMBPortSerialPutByte                   0x08001464   Section       32  portserial.o(i.xMBPortSerialPutByte)
    i.xMBPortTimersInit                      0x08001484   Section       62  porttimer.o(i.xMBPortTimersInit)
    i.xMBRTUReceiveFSM                       0x080014c4   Section       96  mbrtu.o(i.xMBRTUReceiveFSM)
    i.xMBRTUTimerT35Expired                  0x08001524   Section       40  mbrtu.o(i.xMBRTUTimerT35Expired)
    i.xMBRTUTransmitFSM                      0x0800154c   Section       80  mbrtu.o(i.xMBRTUTransmitFSM)
    .constdata                               0x0800159c   Section      512  mbcrc.o(.constdata)
    aucCRCHi                                 0x0800159c   Data         256  mbcrc.o(.constdata)
    aucCRCLo                                 0x0800169c   Data         256  mbcrc.o(.constdata)
    .data                                    0x20000000   Section       20  stm32f10x_rcc.o(.data)
    ADCPrescTable                            0x20000000   Data           4  stm32f10x_rcc.o(.data)
    APBAHBPrescTable                         0x20000004   Data          16  stm32f10x_rcc.o(.data)
    .data                                    0x20000014   Section       16  mbascii.o(.data)
    eSndState                                0x20000014   Data           1  mbascii.o(.data)
    eRcvState                                0x20000015   Data           1  mbascii.o(.data)
    eBytePos                                 0x20000016   Data           1  mbascii.o(.data)
    ucMBLFCharacter                          0x20000017   Data           1  mbascii.o(.data)
    usRcvBufferPos                           0x20000018   Data           2  mbascii.o(.data)
    usSndBufferCount                         0x2000001a   Data           2  mbascii.o(.data)
    ucASCIIBuf                               0x2000001c   Data           4  mbascii.o(.data)
    pucSndBufferCur                          0x20000020   Data           4  mbascii.o(.data)
    .data                                    0x20000024   Section        2  mbfuncother.o(.data)
    usMBSlaveIDLen                           0x20000024   Data           2  mbfuncother.o(.data)
    .data                                    0x20000028   Section       12  mbrtu.o(.data)
    eSndState                                0x20000028   Data           1  mbrtu.o(.data)
    eRcvState                                0x20000029   Data           1  mbrtu.o(.data)
    usSndBufferCount                         0x2000002a   Data           2  mbrtu.o(.data)
    usRcvBufferPos                           0x2000002c   Data           2  mbrtu.o(.data)
    pucSndBufferCur                          0x20000030   Data           4  mbrtu.o(.data)
    .data                                    0x20000034   Section      172  mb.o(.data)
    eMBState                                 0x20000034   Data           1  mb.o(.data)
    ucRcvAddress                             0x20000035   Data           1  mb.o(.data)
    ucFunctionCode                           0x20000036   Data           1  mb.o(.data)
    eException                               0x20000037   Data           1  mb.o(.data)
    ucMBAddress                              0x20000038   Data           1  mb.o(.data)
    eMBCurrentMode                           0x20000039   Data           1  mb.o(.data)
    usLength                                 0x2000003a   Data           2  mb.o(.data)
    ucMBFrame                                0x2000003c   Data           4  mb.o(.data)
    peMBFrameSendCur                         0x20000040   Data           4  mb.o(.data)
    pvMBFrameStartCur                        0x20000044   Data           4  mb.o(.data)
    pvMBFrameStopCur                         0x20000048   Data           4  mb.o(.data)
    peMBFrameReceiveCur                      0x2000004c   Data           4  mb.o(.data)
    pvMBFrameCloseCur                        0x20000050   Data           4  mb.o(.data)
    xFuncHandlers                            0x20000060   Data         128  mb.o(.data)
    .data                                    0x200000e0   Section        2  portevent.o(.data)
    eQueuedEvent                             0x200000e0   Data           1  portevent.o(.data)
    xEventInQueue                            0x200000e1   Data           1  portevent.o(.data)
    .data                                    0x200000e2   Section        4  modbuscb.o(.data)
    flag                                     0x200000e2   Data           1  modbuscb.o(.data)
    flag                                     0x200000e3   Data           1  modbuscb.o(.data)
    flag                                     0x200000e4   Data           1  modbuscb.o(.data)
    flag                                     0x200000e5   Data           1  modbuscb.o(.data)
    .bss                                     0x200000e8   Section       32  mbfuncother.o(.bss)
    ucMBSlaveID                              0x200000e8   Data          32  mbfuncother.o(.bss)
    .bss                                     0x20000108   Section      256  mbrtu.o(.bss)
    STACK                                    0x20000208   Section     1024  startup_stm32f10x_hd.o(STACK)

    Global Symbols

    Symbol Name                              Value     Ov Type        Size  Object(Section)

    BuildAttributes$$THM_ISAv4$P$D$K$B$S$PE$A:L22UL41UL21$X:L11$S22US41US21$IEEE1$IW$USESV6$~STKCKD$USESV7$~SHL$OSPACE$EBA8$MICROLIB$REQ8$PRES8$EABIv2 0x00000000   Number         0  anon$$obj.o ABSOLUTE
    __ARM_use_no_argv                        0x00000000   Number         0  main.o ABSOLUTE
    __decompress                              - Undefined Weak Reference
    __Vectors_Size                           0x00000130   Number         0  startup_stm32f10x_hd.o ABSOLUTE
    __Vectors                                0x08000000   Data           4  startup_stm32f10x_hd.o(RESET)
    __Vectors_End                            0x08000130   Data           0  startup_stm32f10x_hd.o(RESET)
    __main                                   0x08000131   Thumb Code     0  entry.o(.ARM.Collect$$$$00000000)
    _main_stk                                0x08000131   Thumb Code     0  entry2.o(.ARM.Collect$$$$00000001)
    _main_scatterload                        0x08000135   Thumb Code     0  entry5.o(.ARM.Collect$$$$00000004)
    __main_after_scatterload                 0x08000139   Thumb Code     0  entry5.o(.ARM.Collect$$$$00000004)
    _main_init                               0x08000139   Thumb Code     0  entry7.o(.ARM.Collect$$$$00000007)
    Reset_Handler                            0x08000145   Thumb Code     8  startup_stm32f10x_hd.o(.text)
    ADC1_2_IRQHandler                        0x0800015f   Thumb Code     0  startup_stm32f10x_hd.o(.text)
    ADC3_IRQHandler                          0x0800015f   Thumb Code     0  startup_stm32f10x_hd.o(.text)
    CAN1_RX1_IRQHandler                      0x0800015f   Thumb Code     0  startup_stm32f10x_hd.o(.text)
    CAN1_SCE_IRQHandler                      0x0800015f   Thumb Code     0  startup_stm32f10x_hd.o(.text)
    DMA1_Channel1_IRQHandler                 0x0800015f   Thumb Code     0  startup_stm32f10x_hd.o(.text)
    DMA1_Channel2_IRQHandler                 0x0800015f   Thumb Code     0  startup_stm32f10x_hd.o(.text)
    DMA1_Channel3_IRQHandler                 0x0800015f   Thumb Code     0  startup_stm32f10x_hd.o(.text)
    DMA1_Channel4_IRQHandler                 0x0800015f   Thumb Code     0  startup_stm32f10x_hd.o(.text)
    DMA1_Channel5_IRQHandler                 0x0800015f   Thumb Code     0  startup_stm32f10x_hd.o(.text)
    DMA1_Channel6_IRQHandler                 0x0800015f   Thumb Code     0  startup_stm32f10x_hd.o(.text)
    DMA1_Channel7_IRQHandler                 0x0800015f   Thumb Code     0  startup_stm32f10x_hd.o(.text)
    DMA2_Channel1_IRQHandler                 0x0800015f   Thumb Code     0  startup_stm32f10x_hd.o(.text)
    DMA2_Channel2_IRQHandler                 0x0800015f   Thumb Code     0  startup_stm32f10x_hd.o(.text)
    DMA2_Channel3_IRQHandler                 0x0800015f   Thumb Code     0  startup_stm32f10x_hd.o(.text)
    DMA2_Channel4_5_IRQHandler               0x0800015f   Thumb Code     0  startup_stm32f10x_hd.o(.text)
    EXTI0_IRQHandler                         0x0800015f   Thumb Code     0  startup_stm32f10x_hd.o(.text)
    EXTI15_10_IRQHandler                     0x0800015f   Thumb Code     0  startup_stm32f10x_hd.o(.text)
    EXTI1_IRQHandler                         0x0800015f   Thumb Code     0  startup_stm32f10x_hd.o(.text)
    EXTI2_IRQHandler                         0x0800015f   Thumb Code     0  startup_stm32f10x_hd.o(.text)
    EXTI3_IRQHandler                         0x0800015f   Thumb Code     0  startup_stm32f10x_hd.o(.text)
    EXTI4_IRQHandler                         0x0800015f   Thumb Code     0  startup_stm32f10x_hd.o(.text)
    EXTI9_5_IRQHandler                       0x0800015f   Thumb Code     0  startup_stm32f10x_hd.o(.text)
    FLASH_IRQHandler                         0x0800015f   Thumb Code     0  startup_stm32f10x_hd.o(.text)
    FSMC_IRQHandler                          0x0800015f   Thumb Code     0  startup_stm32f10x_hd.o(.text)
    I2C1_ER_IRQHandler                       0x0800015f   Thumb Code     0  startup_stm32f10x_hd.o(.text)
    I2C1_EV_IRQHandler                       0x0800015f   Thumb Code     0  startup_stm32f10x_hd.o(.text)
    I2C2_ER_IRQHandler                       0x0800015f   Thumb Code     0  startup_stm32f10x_hd.o(.text)
    I2C2_EV_IRQHandler                       0x0800015f   Thumb Code     0  startup_stm32f10x_hd.o(.text)
    PVD_IRQHandler                           0x0800015f   Thumb Code     0  startup_stm32f10x_hd.o(.text)
    RCC_IRQHandler                           0x0800015f   Thumb Code     0  startup_stm32f10x_hd.o(.text)
    RTCAlarm_IRQHandler                      0x0800015f   Thumb Code     0  startup_stm32f10x_hd.o(.text)
    RTC_IRQHandler                           0x0800015f   Thumb Code     0  startup_stm32f10x_hd.o(.text)
    SDIO_IRQHandler                          0x0800015f   Thumb Code     0  startup_stm32f10x_hd.o(.text)
    SPI1_IRQHandler                          0x0800015f   Thumb Code     0  startup_stm32f10x_hd.o(.text)
    SPI2_IRQHandler                          0x0800015f   Thumb Code     0  startup_stm32f10x_hd.o(.text)
    SPI3_IRQHandler                          0x0800015f   Thumb Code     0  startup_stm32f10x_hd.o(.text)
    TAMPER_IRQHandler                        0x0800015f   Thumb Code     0  startup_stm32f10x_hd.o(.text)
    TIM1_BRK_IRQHandler                      0x0800015f   Thumb Code     0  startup_stm32f10x_hd.o(.text)
    TIM1_CC_IRQHandler                       0x0800015f   Thumb Code     0  startup_stm32f10x_hd.o(.text)
    TIM1_TRG_COM_IRQHandler                  0x0800015f   Thumb Code     0  startup_stm32f10x_hd.o(.text)
    TIM1_UP_IRQHandler                       0x0800015f   Thumb Code     0  startup_stm32f10x_hd.o(.text)
    TIM3_IRQHandler                          0x0800015f   Thumb Code     0  startup_stm32f10x_hd.o(.text)
    TIM4_IRQHandler                          0x0800015f   Thumb Code     0  startup_stm32f10x_hd.o(.text)
    TIM5_IRQHandler                          0x0800015f   Thumb Code     0  startup_stm32f10x_hd.o(.text)
    TIM6_IRQHandler                          0x0800015f   Thumb Code     0  startup_stm32f10x_hd.o(.text)
    TIM7_IRQHandler                          0x0800015f   Thumb Code     0  startup_stm32f10x_hd.o(.text)
    TIM8_BRK_IRQHandler                      0x0800015f   Thumb Code     0  startup_stm32f10x_hd.o(.text)
    TIM8_CC_IRQHandler                       0x0800015f   Thumb Code     0  startup_stm32f10x_hd.o(.text)
    TIM8_TRG_COM_IRQHandler                  0x0800015f   Thumb Code     0  startup_stm32f10x_hd.o(.text)
    TIM8_UP_IRQHandler                       0x0800015f   Thumb Code     0  startup_stm32f10x_hd.o(.text)
    UART4_IRQHandler                         0x0800015f   Thumb Code     0  startup_stm32f10x_hd.o(.text)
    UART5_IRQHandler                         0x0800015f   Thumb Code     0  startup_stm32f10x_hd.o(.text)
    USART2_IRQHandler                        0x0800015f   Thumb Code     0  startup_stm32f10x_hd.o(.text)
    USART3_IRQHandler                        0x0800015f   Thumb Code     0  startup_stm32f10x_hd.o(.text)
    USBWakeUp_IRQHandler                     0x0800015f   Thumb Code     0  startup_stm32f10x_hd.o(.text)
    USB_HP_CAN1_TX_IRQHandler                0x0800015f   Thumb Code     0  startup_stm32f10x_hd.o(.text)
    USB_LP_CAN1_RX0_IRQHandler               0x0800015f   Thumb Code     0  startup_stm32f10x_hd.o(.text)
    WWDG_IRQHandler                          0x0800015f   Thumb Code     0  startup_stm32f10x_hd.o(.text)
    __aeabi_memcpy                           0x08000169   Thumb Code    36  memcpya.o(.text)
    __aeabi_memcpy4                          0x08000169   Thumb Code     0  memcpya.o(.text)
    __aeabi_memcpy8                          0x08000169   Thumb Code     0  memcpya.o(.text)
    __scatterload                            0x0800018d   Thumb Code    28  init.o(.text)
    __scatterload_rt2                        0x0800018d   Thumb Code     0  init.o(.text)
    BusFault_Handler                         0x080001b1   Thumb Code     2  stm32f10x_it.o(i.BusFault_Handler)
    DebugMon_Handler                         0x080001b3   Thumb Code     2  stm32f10x_it.o(i.DebugMon_Handler)
    EnterCriticalSection                     0x080001b5   Thumb Code     4  portserial.o(i.EnterCriticalSection)
    ExitCriticalSection                      0x080001b9   Thumb Code     4  portserial.o(i.ExitCriticalSection)
    GPIO_Init                                0x080001bd   Thumb Code   156  stm32f10x_gpio.o(i.GPIO_Init)
    GPIO_ResetBits                           0x08000259   Thumb Code     4  stm32f10x_gpio.o(i.GPIO_ResetBits)
    GPIO_SetBits                             0x0800025d   Thumb Code     4  stm32f10x_gpio.o(i.GPIO_SetBits)
    HardFault_Handler                        0x08000261   Thumb Code     2  stm32f10x_it.o(i.HardFault_Handler)
    LED_Config                               0x08000265   Thumb Code    38  main.o(i.LED_Config)
    MemManage_Handler                        0x08000291   Thumb Code     2  stm32f10x_it.o(i.MemManage_Handler)
    NMI_Handler                              0x08000293   Thumb Code     2  stm32f10x_it.o(i.NMI_Handler)
    NVIC_Configuration                       0x08000295   Thumb Code    58  main.o(i.NVIC_Configuration)
    NVIC_Init                                0x080002cf   Thumb Code    92  misc.o(i.NVIC_Init)
    NVIC_PriorityGroupConfig                 0x0800032d   Thumb Code    10  misc.o(i.NVIC_PriorityGroupConfig)
    PendSV_Handler                           0x08000341   Thumb Code     2  stm32f10x_it.o(i.PendSV_Handler)
    RCC_APB1PeriphClockCmd                   0x08000345   Thumb Code    18  stm32f10x_rcc.o(i.RCC_APB1PeriphClockCmd)
    RCC_APB2PeriphClockCmd                   0x0800035d   Thumb Code    18  stm32f10x_rcc.o(i.RCC_APB2PeriphClockCmd)
    RCC_GetClocksFreq                        0x08000375   Thumb Code   134  stm32f10x_rcc.o(i.RCC_GetClocksFreq)
    SVC_Handler                              0x0800040d   Thumb Code     2  stm32f10x_it.o(i.SVC_Handler)
    SysTick_Handler                          0x080004a5   Thumb Code     2  stm32f10x_it.o(i.SysTick_Handler)
    SystemInit                               0x080004a9   Thumb Code    64  system_stm32f10x.o(i.SystemInit)
    TIM2_IRQHandler                          0x080004f9   Thumb Code     4  stm32f10x_it.o(i.TIM2_IRQHandler)
    TIM_ClearFlag                            0x080004fd   Thumb Code     6  stm32f10x_tim.o(i.TIM_ClearFlag)
    TIM_Cmd                                  0x08000503   Thumb Code    20  stm32f10x_tim.o(i.TIM_Cmd)
    TIM_ITConfig                             0x08000517   Thumb Code    16  stm32f10x_tim.o(i.TIM_ITConfig)
    TIM_SetCounter                           0x08000527   Thumb Code     4  stm32f10x_tim.o(i.TIM_SetCounter)
    TIM_TimeBaseInit                         0x0800052d   Thumb Code   114  stm32f10x_tim.o(i.TIM_TimeBaseInit)
    UART1_IRQ                                0x080005c9   Thumb Code    46  portserial.o(i.UART1_IRQ)
    USART1_IRQHandler                        0x08000605   Thumb Code     4  stm32f10x_it.o(i.USART1_IRQHandler)
    USART_ClearFlag                          0x08000609   Thumb Code     6  stm32f10x_usart.o(i.USART_ClearFlag)
    USART_Cmd                                0x0800060f   Thumb Code    20  stm32f10x_usart.o(i.USART_Cmd)
    USART_GetFlagStatus                      0x08000623   Thumb Code    14  stm32f10x_usart.o(i.USART_GetFlagStatus)
    USART_GetITStatus                        0x08000631   Thumb Code    62  stm32f10x_usart.o(i.USART_GetITStatus)
    USART_ITConfig                           0x0800066f   Thumb Code    48  stm32f10x_usart.o(i.USART_ITConfig)
    USART_Init                               0x080006a1   Thumb Code   176  stm32f10x_usart.o(i.USART_Init)
    USART_ReceiveData                        0x08000755   Thumb Code     8  stm32f10x_usart.o(i.USART_ReceiveData)
    USART_SendData                           0x0800075d   Thumb Code     8  stm32f10x_usart.o(i.USART_SendData)
    UsageFault_Handler                       0x08000765   Thumb Code     2  stm32f10x_it.o(i.UsageFault_Handler)
    __scatterload_copy                       0x08000767   Thumb Code    14  handlers.o(i.__scatterload_copy)
    __scatterload_null                       0x08000775   Thumb Code     2  handlers.o(i.__scatterload_null)
    __scatterload_zeroinit                   0x08000777   Thumb Code    14  handlers.o(i.__scatterload_zeroinit)
    eMBASCIIInit                             0x08000785   Thumb Code    62  mbascii.o(i.eMBASCIIInit)
    eMBASCIIReceive                          0x080007c9   Thumb Code    66  mbascii.o(i.eMBASCIIReceive)
    eMBASCIISend                             0x08000811   Thumb Code    90  mbascii.o(i.eMBASCIISend)
    eMBASCIIStart                            0x08000871   Thumb Code    34  mbascii.o(i.eMBASCIIStart)
    eMBASCIIStop                             0x08000899   Thumb Code    26  mbascii.o(i.eMBASCIIStop)
    eMBEnable                                0x080008b5   Thumb Code    28  mb.o(i.eMBEnable)
    eMBFuncChargeAnalogSetup                 0x080008d5   Thumb Code    94  mbfuncholding.o(i.eMBFuncChargeAnalogSetup)
    eMBFuncReadCoils                         0x08000933   Thumb Code   112  mbfunccoils.o(i.eMBFuncReadCoils)
    eMBFuncReadDiscreteInputs                0x080009a3   Thumb Code   112  mbfuncdisc.o(i.eMBFuncReadDiscreteInputs)
    eMBFuncReadHoldingRegister               0x08000a13   Thumb Code    94  mbfuncholding.o(i.eMBFuncReadHoldingRegister)
    eMBFuncReadInputRegister                 0x08000a71   Thumb Code    98  mbfuncinput.o(i.eMBFuncReadInputRegister)
    eMBFuncReadWriteMultipleHoldingRegister  0x08000ad3   Thumb Code   158  mbfuncholding.o(i.eMBFuncReadWriteMultipleHoldingRegister)
    eMBFuncReportSlaveID                     0x08000b71   Thumb Code    26  mbfuncother.o(i.eMBFuncReportSlaveID)
    eMBFuncWriteCoil                         0x08000b95   Thumb Code    84  mbfunccoils.o(i.eMBFuncWriteCoil)
    eMBFuncWriteHoldingRegister              0x08000be9   Thumb Code    48  mbfuncholding.o(i.eMBFuncWriteHoldingRegister)
    eMBFuncWriteMultipleCoils                0x08000c19   Thumb Code    96  mbfunccoils.o(i.eMBFuncWriteMultipleCoils)
    eMBFuncWriteMultipleHoldingRegister      0x08000c79   Thumb Code    78  mbfuncholding.o(i.eMBFuncWriteMultipleHoldingRegister)
    eMBInit                                  0x08000cc9   Thumb Code   136  mb.o(i.eMBInit)
    eMBPoll                                  0x08000d8d   Thumb Code   174  mb.o(i.eMBPoll)
    eMBRTUInit                               0x08000e41   Thumb Code    72  mbrtu.o(i.eMBRTUInit)
    eMBRTUReceive                            0x08000e8d   Thumb Code    68  mbrtu.o(i.eMBRTUReceive)
    eMBRTUSend                               0x08000ed9   Thumb Code   104  mbrtu.o(i.eMBRTUSend)
    eMBRTUStart                              0x08000f49   Thumb Code    32  mbrtu.o(i.eMBRTUStart)
    eMBRTUStop                               0x08000f6d   Thumb Code    26  mbrtu.o(i.eMBRTUStop)
    eMBRegCoilsCB                            0x08000f89   Thumb Code    38  modbuscb.o(i.eMBRegCoilsCB)
    eMBRegDiscreteCB                         0x08000fb9   Thumb Code    38  modbuscb.o(i.eMBRegDiscreteCB)
    eMBRegHoldingCB                          0x08000fe9   Thumb Code    54  modbuscb.o(i.eMBRegHoldingCB)
    eMBRegInputCB                            0x08001029   Thumb Code    40  modbuscb.o(i.eMBRegInputCB)
    main                                     0x08001059   Thumb Code    46  main.o(i.main)
    prveMBError2Exception                    0x08001087   Thumb Code    24  mbutils.o(i.prveMBError2Exception)
    prvvTIMERExpiredISR                      0x080010d5   Thumb Code     6  porttimer.o(i.prvvTIMERExpiredISR)
    usMBCRC16                                0x080010e1   Thumb Code    42  mbcrc.o(i.usMBCRC16)
    vMBPortSerialEnable                      0x08001111   Thumb Code    48  portserial.o(i.vMBPortSerialEnable)
    vMBPortTimersDisable                     0x08001145   Thumb Code    34  porttimer.o(i.vMBPortTimersDisable)
    vMBPortTimersEnable                      0x0800116d   Thumb Code    50  porttimer.o(i.vMBPortTimersEnable)
    xMBASCIIReceiveFSM                       0x080011a5   Thumb Code   210  mbascii.o(i.xMBASCIIReceiveFSM)
    xMBASCIITimerT1SExpired                  0x0800127d   Thumb Code    26  mbascii.o(i.xMBASCIITimerT1SExpired)
    xMBASCIITransmitFSM                      0x0800129d   Thumb Code   158  mbascii.o(i.xMBASCIITransmitFSM)
    xMBPortEventGet                          0x08001341   Thumb Code    24  portevent.o(i.xMBPortEventGet)
    xMBPortEventInit                         0x0800135d   Thumb Code    10  portevent.o(i.xMBPortEventInit)
    xMBPortEventPost                         0x0800136d   Thumb Code    12  portevent.o(i.xMBPortEventPost)
    xMBPortSerialGetByte                     0x0800137d   Thumb Code    28  portserial.o(i.xMBPortSerialGetByte)
    xMBPortSerialInit                        0x0800139d   Thumb Code   190  portserial.o(i.xMBPortSerialInit)
    xMBPortSerialPutByte                     0x08001465   Thumb Code    28  portserial.o(i.xMBPortSerialPutByte)
    xMBPortTimersInit                        0x08001485   Thumb Code    62  porttimer.o(i.xMBPortTimersInit)
    xMBRTUReceiveFSM                         0x080014c5   Thumb Code    88  mbrtu.o(i.xMBRTUReceiveFSM)
    xMBRTUTimerT35Expired                    0x08001525   Thumb Code    34  mbrtu.o(i.xMBRTUTimerT35Expired)
    xMBRTUTransmitFSM                        0x0800154d   Thumb Code    74  mbrtu.o(i.xMBRTUTransmitFSM)
    Region$$Table$$Base                      0x0800179c   Number         0  anon$$obj.o(Region$$Table)
    Region$$Table$$Limit                     0x080017bc   Number         0  anon$$obj.o(Region$$Table)
    pxMBFrameCBByteReceived                  0x20000054   Data           4  mb.o(.data)
    pxMBFrameCBTransmitterEmpty              0x20000058   Data           4  mb.o(.data)
    pxMBPortCBTimerExpired                   0x2000005c   Data           4  mb.o(.data)
    ucRTUBuf                                 0x20000108   Data         256  mbrtu.o(.bss)
    __initial_sp                             0x20000608   Data           0  startup_stm32f10x_hd.o(STACK)



==============================================================================

Memory Map of the image

  Image Entry point : 0x08000131

  Load Region LR_IROM1 (Base: 0x08000000, Size: 0x000018a4, Max: 0x00080000, ABSOLUTE)

    Execution Region ER_IROM1 (Base: 0x08000000, Size: 0x000017bc, Max: 0x00080000, ABSOLUTE)

    Base Addr    Size         Type   Attr      Idx    E Section Name        Object

    0x08000000   0x00000130   Data   RO            3    RESET               startup_stm32f10x_hd.o
    0x08000130   0x00000000   Code   RO         1940  * .ARM.Collect$$$$00000000  entry.o(mc_w.l)
    0x08000130   0x00000004   Code   RO         1947    .ARM.Collect$$$$00000001  entry2.o(mc_w.l)
    0x08000134   0x00000004   Code   RO         1950    .ARM.Collect$$$$00000004  entry5.o(mc_w.l)
    0x08000138   0x00000008   Code   RO         1951    .ARM.Collect$$$$00000007  entry7.o(mc_w.l)
    0x08000140   0x00000004   Code   RO         1948    .ARM.Collect$$$$00002712  entry2.o(mc_w.l)
    0x08000144   0x00000024   Code   RO            4    .text               startup_stm32f10x_hd.o
    0x08000168   0x00000024   Code   RO         1943    .text               memcpya.o(mc_w.l)
    0x0800018c   0x00000024   Code   RO         1952    .text               init.o(mc_w.l)
    0x080001b0   0x00000002   Code   RO         1790    i.BusFault_Handler  stm32f10x_it.o
    0x080001b2   0x00000002   Code   RO         1791    i.DebugMon_Handler  stm32f10x_it.o
    0x080001b4   0x00000004   Code   RO         1699    i.EnterCriticalSection  portserial.o
    0x080001b8   0x00000004   Code   RO         1700    i.ExitCriticalSection  portserial.o
    0x080001bc   0x0000009c   Code   RO          247    i.GPIO_Init         stm32f10x_gpio.o
    0x08000258   0x00000004   Code   RO          254    i.GPIO_ResetBits    stm32f10x_gpio.o
    0x0800025c   0x00000004   Code   RO          255    i.GPIO_SetBits      stm32f10x_gpio.o
    0x08000260   0x00000002   Code   RO         1792    i.HardFault_Handler  stm32f10x_it.o
    0x08000262   0x00000002   PAD
    0x08000264   0x0000002c   Code   RO         1865    i.LED_Config        main.o
    0x08000290   0x00000002   Code   RO         1793    i.MemManage_Handler  stm32f10x_it.o
    0x08000292   0x00000002   Code   RO         1794    i.NMI_Handler       stm32f10x_it.o
    0x08000294   0x0000003a   Code   RO         1866    i.NVIC_Configuration  main.o
    0x080002ce   0x0000005c   Code   RO          132    i.NVIC_Init         misc.o
    0x0800032a   0x00000002   PAD
    0x0800032c   0x00000014   Code   RO          133    i.NVIC_PriorityGroupConfig  misc.o
    0x08000340   0x00000002   Code   RO         1795    i.PendSV_Handler    stm32f10x_it.o
    0x08000342   0x00000002   PAD
    0x08000344   0x00000018   Code   RO          363    i.RCC_APB1PeriphClockCmd  stm32f10x_rcc.o
    0x0800035c   0x00000018   Code   RO          365    i.RCC_APB2PeriphClockCmd  stm32f10x_rcc.o
    0x08000374   0x00000098   Code   RO          373    i.RCC_GetClocksFreq  stm32f10x_rcc.o
    0x0800040c   0x00000002   Code   RO         1796    i.SVC_Handler       stm32f10x_it.o
    0x0800040e   0x00000002   PAD
    0x08000410   0x00000094   Code   RO           10    i.SetSysClockTo72   system_stm32f10x.o
    0x080004a4   0x00000002   Code   RO         1797    i.SysTick_Handler   stm32f10x_it.o
    0x080004a6   0x00000002   PAD
    0x080004a8   0x00000050   Code   RO           12    i.SystemInit        system_stm32f10x.o
    0x080004f8   0x00000004   Code   RO         1798    i.TIM2_IRQHandler   stm32f10x_it.o
    0x080004fc   0x00000006   Code   RO          755    i.TIM_ClearFlag     stm32f10x_tim.o
    0x08000502   0x00000014   Code   RO          761    i.TIM_Cmd           stm32f10x_tim.o
    0x08000516   0x00000010   Code   RO          786    i.TIM_ITConfig      stm32f10x_tim.o
    0x08000526   0x00000004   Code   RO          826    i.TIM_SetCounter    stm32f10x_tim.o
    0x0800052a   0x00000002   PAD
    0x0800052c   0x0000009c   Code   RO          832    i.TIM_TimeBaseInit  stm32f10x_tim.o
    0x080005c8   0x0000003c   Code   RO         1701    i.UART1_IRQ         portserial.o
    0x08000604   0x00000004   Code   RO         1799    i.USART1_IRQHandler  stm32f10x_it.o
    0x08000608   0x00000006   Code   RO          564    i.USART_ClearFlag   stm32f10x_usart.o
    0x0800060e   0x00000014   Code   RO          568    i.USART_Cmd         stm32f10x_usart.o
    0x08000622   0x0000000e   Code   RO          571    i.USART_GetFlagStatus  stm32f10x_usart.o
    0x08000630   0x0000003e   Code   RO          572    i.USART_GetITStatus  stm32f10x_usart.o
    0x0800066e   0x00000030   Code   RO          574    i.USART_ITConfig    stm32f10x_usart.o
    0x0800069e   0x00000002   PAD
    0x080006a0   0x000000b4   Code   RO          575    i.USART_Init        stm32f10x_usart.o
    0x08000754   0x00000008   Code   RO          582    i.USART_ReceiveData  stm32f10x_usart.o
    0x0800075c   0x00000008   Code   RO          585    i.USART_SendData    stm32f10x_usart.o
    0x08000764   0x00000002   Code   RO         1800    i.UsageFault_Handler  stm32f10x_it.o
    0x08000766   0x0000000e   Code   RO         1956    i.__scatterload_copy  handlers.o(mc_w.l)
    0x08000774   0x00000002   Code   RO         1957    i.__scatterload_null  handlers.o(mc_w.l)
    0x08000776   0x0000000e   Code   RO         1958    i.__scatterload_zeroinit  handlers.o(mc_w.l)
    0x08000784   0x00000044   Code   RO         1283    i.eMBASCIIInit      mbascii.o
    0x080007c8   0x00000048   Code   RO         1284    i.eMBASCIIReceive   mbascii.o
    0x08000810   0x00000060   Code   RO         1285    i.eMBASCIISend      mbascii.o
    0x08000870   0x00000028   Code   RO         1286    i.eMBASCIIStart     mbascii.o
    0x08000898   0x0000001a   Code   RO         1287    i.eMBASCIIStop      mbascii.o
    0x080008b2   0x00000002   PAD
    0x080008b4   0x00000020   Code   RO         1602    i.eMBEnable         mb.o
    0x080008d4   0x0000005e   Code   RO         1420    i.eMBFuncChargeAnalogSetup  mbfuncholding.o
    0x08000932   0x00000070   Code   RO         1381    i.eMBFuncReadCoils  mbfunccoils.o
    0x080009a2   0x00000070   Code   RO         1408    i.eMBFuncReadDiscreteInputs  mbfuncdisc.o
    0x08000a12   0x0000005e   Code   RO         1421    i.eMBFuncReadHoldingRegister  mbfuncholding.o
    0x08000a70   0x00000062   Code   RO         1456    i.eMBFuncReadInputRegister  mbfuncinput.o
    0x08000ad2   0x0000009e   Code   RO         1422    i.eMBFuncReadWriteMultipleHoldingRegister  mbfuncholding.o
    0x08000b70   0x00000024   Code   RO         1468    i.eMBFuncReportSlaveID  mbfuncother.o
    0x08000b94   0x00000054   Code   RO         1382    i.eMBFuncWriteCoil  mbfunccoils.o
    0x08000be8   0x00000030   Code   RO         1423    i.eMBFuncWriteHoldingRegister  mbfuncholding.o
    0x08000c18   0x00000060   Code   RO         1383    i.eMBFuncWriteMultipleCoils  mbfunccoils.o
    0x08000c78   0x0000004e   Code   RO         1424    i.eMBFuncWriteMultipleHoldingRegister  mbfuncholding.o
    0x08000cc6   0x00000002   PAD
    0x08000cc8   0x000000c4   Code   RO         1603    i.eMBInit           mb.o
    0x08000d8c   0x000000b4   Code   RO         1604    i.eMBPoll           mb.o
    0x08000e40   0x0000004c   Code   RO         1527    i.eMBRTUInit        mbrtu.o
    0x08000e8c   0x0000004c   Code   RO         1528    i.eMBRTUReceive     mbrtu.o
    0x08000ed8   0x00000070   Code   RO         1529    i.eMBRTUSend        mbrtu.o
    0x08000f48   0x00000024   Code   RO         1530    i.eMBRTUStart       mbrtu.o
    0x08000f6c   0x0000001a   Code   RO         1531    i.eMBRTUStop        mbrtu.o
    0x08000f86   0x00000002   PAD
    0x08000f88   0x00000030   Code   RO         1909    i.eMBRegCoilsCB     modbuscb.o
    0x08000fb8   0x00000030   Code   RO         1910    i.eMBRegDiscreteCB  modbuscb.o
    0x08000fe8   0x00000040   Code   RO         1911    i.eMBRegHoldingCB   modbuscb.o
    0x08001028   0x00000030   Code   RO         1912    i.eMBRegInputCB     modbuscb.o
    0x08001058   0x0000002e   Code   RO         1868    i.main              main.o
    0x08001086   0x00000018   Code   RO         1489    i.prveMBError2Exception  mbutils.o
    0x0800109e   0x0000001a   Code   RO         1288    i.prvucMBBIN2CHAR   mbascii.o
    0x080010b8   0x0000001c   Code   RO         1289    i.prvucMBLRC        mbascii.o
    0x080010d4   0x0000000c   Code   RO         1760    i.prvvTIMERExpiredISR  porttimer.o
    0x080010e0   0x00000030   Code   RO         1513    i.usMBCRC16         mbcrc.o
    0x08001110   0x00000034   Code   RO         1702    i.vMBPortSerialEnable  portserial.o
    0x08001144   0x00000028   Code   RO         1761    i.vMBPortTimersDisable  porttimer.o
    0x0800116c   0x00000038   Code   RO         1762    i.vMBPortTimersEnable  porttimer.o
    0x080011a4   0x000000d8   Code   RO         1290    i.xMBASCIIReceiveFSM  mbascii.o
    0x0800127c   0x00000020   Code   RO         1291    i.xMBASCIITimerT1SExpired  mbascii.o
    0x0800129c   0x000000a4   Code   RO         1292    i.xMBASCIITransmitFSM  mbascii.o
    0x08001340   0x0000001c   Code   RO         1663    i.xMBPortEventGet   portevent.o
    0x0800135c   0x00000010   Code   RO         1664    i.xMBPortEventInit  portevent.o
    0x0800136c   0x00000010   Code   RO         1665    i.xMBPortEventPost  portevent.o
    0x0800137c   0x00000020   Code   RO         1703    i.xMBPortSerialGetByte  portserial.o
    0x0800139c   0x000000c8   Code   RO         1704    i.xMBPortSerialInit  portserial.o
    0x08001464   0x00000020   Code   RO         1705    i.xMBPortSerialPutByte  portserial.o
    0x08001484   0x0000003e   Code   RO         1763    i.xMBPortTimersInit  porttimer.o
    0x080014c2   0x00000002   PAD
    0x080014c4   0x00000060   Code   RO         1532    i.xMBRTUReceiveFSM  mbrtu.o
    0x08001524   0x00000028   Code   RO         1533    i.xMBRTUTimerT35Expired  mbrtu.o
    0x0800154c   0x00000050   Code   RO         1534    i.xMBRTUTransmitFSM  mbrtu.o
    0x0800159c   0x00000200   Data   RO         1514    .constdata          mbcrc.o
    0x0800179c   0x00000020   Data   RO         1954    Region$$Table       anon$$obj.o


    Execution Region RW_IRAM1 (Base: 0x20000000, Size: 0x00000608, Max: 0x00010000, ABSOLUTE)

    Base Addr    Size         Type   Attr      Idx    E Section Name        Object

    0x20000000   0x00000014   Data   RW          393    .data               stm32f10x_rcc.o
    0x20000014   0x00000010   Data   RW         1293    .data               mbascii.o
    0x20000024   0x00000002   Data   RW         1471    .data               mbfuncother.o
    0x20000026   0x00000002   PAD
    0x20000028   0x0000000c   Data   RW         1536    .data               mbrtu.o
    0x20000034   0x000000ac   Data   RW         1606    .data               mb.o
    0x200000e0   0x00000002   Data   RW         1666    .data               portevent.o
    0x200000e2   0x00000004   Data   RW         1913    .data               modbuscb.o
    0x200000e6   0x00000002   PAD
    0x200000e8   0x00000020   Zero   RW         1470    .bss                mbfuncother.o
    0x20000108   0x00000100   Zero   RW         1535    .bss                mbrtu.o
    0x20000208   0x00000400   Zero   RW            1    STACK               startup_stm32f10x_hd.o


==============================================================================

Image component sizes


      Code (inc. data)   RO Data    RW Data    ZI Data      Debug   Object Name

       148          6          0          0          0       1829   main.o
       408         70          0        172          0       4176   mb.o
       768         48          0         16          0      11828   mbascii.o
        48          6        512          0          0       1212   mbcrc.o
       292          0          0          0          0       3834   mbfunccoils.o
       112          0          0          0          0       1612   mbfuncdisc.o
       472          0          0          0          0       6246   mbfuncholding.o
        98          0          0          0          0       1599   mbfuncinput.o
        36         10          0          2         32       1351   mbfuncother.o
       542         44          0         12        256       6091   mbrtu.o
        24          0          0          0          0        612   mbutils.o
       112         10          0          0          0      12319   misc.o
       208         38          0          4          0       3025   modbuscb.o
        60         14          0          2          0       3445   portevent.o
       384         36          0          0          0       6032   portserial.o
       170         18          0          0          0       2079   porttimer.o
        36          8        304          0       1024        548   startup_stm32f10x_hd.o
       164          0          0          0          0      11748   stm32f10x_gpio.o
        26          0          0          0          0       4652   stm32f10x_it.o
       200         30          0         20          0      13638   stm32f10x_rcc.o
       202         42          0          0          0      25120   stm32f10x_tim.o
       346          4          0          0          0      13475   stm32f10x_usart.o
       228         26          0          0          0     245649   system_stm32f10x.o

    ----------------------------------------------------------------------
      5106        410        848        232       1312     382120   Object Totals
         0          0         32          0          0          0   (incl. Generated)
        22          0          0          4          0          2   (incl. Padding)

    ----------------------------------------------------------------------

      Code (inc. data)   RO Data    RW Data    ZI Data      Debug   Library Member Name

         0          0          0          0          0          0   entry.o
         8          4          0          0          0          0   entry2.o
         4          0          0          0          0          0   entry5.o
         8          4          0          0          0          0   entry7.o
        30          0          0          0          0          0   handlers.o
        36          8          0          0          0         68   init.o
        36          0          0          0          0         68   memcpya.o

    ----------------------------------------------------------------------
       122         16          0          0          0        136   Library Totals
         0          0          0          0          0          0   (incl. Padding)

    ----------------------------------------------------------------------

      Code (inc. data)   RO Data    RW Data    ZI Data      Debug   Library Name

       122         16          0          0          0        136   mc_w.l

    ----------------------------------------------------------------------
       122         16          0          0          0        136   Library Totals

    ----------------------------------------------------------------------

==============================================================================


      Code (inc. data)   RO Data    RW Data    ZI Data      Debug   

      5228        426        848        232       1312     378008   Grand Totals
      5228        426        848        232       1312     378008   ELF Image Totals
      5228        426        848        232          0          0   ROM Totals

==============================================================================

    Total RO  Size (Code + RO Data)                 6076 (   5.93kB)
    Total RW  Size (RW Data + ZI Data)              1544 (   1.51kB)
    Total ROM Size (Code + RO Data + RW Data)       6308 (   6.16kB)

==============================================================================

